/home/slash/Documents/SCO/EXPRESSO/LPC55S69_OSreal.src/CMSIS/core_cm33.h:2324:22:__NVIC_SetPriority	16	static
/home/slash/Documents/SCO/EXPRESSO/LPC55S69_OSreal.src/CMSIS/core_cm33.h:2773:26:SysTick_Config	16	static
../kernel/kernel.c:27:5:sys_add	16	static
../kernel/kernel.c:37:9:svc_dispatch	24	static
../kernel/kernel.c:89:6:sys_switch_ctx	4	static
../kernel/kernel.c:103:6:sys_tick_cb	16	static
../kernel/kernel.c:130:6:SysTick_Handler	8	static
../kernel/kernel.c:147:9:sys_os_start	16	static
../kernel/kernel.c:193:9:sys_task_new	24	static
../kernel/kernel.c:228:9:sys_task_kill	16	static
../kernel/kernel.c:242:9:sys_task_id	4	static
../kernel/kernel.c:255:9:sys_task_yield	4	static
../kernel/kernel.c:264:9:sys_task_wait	24	static
../kernel/kernel.c:286:13:sys_sem_new	24	static
../kernel/kernel.c:297:9:sys_sem_p	24	static
../kernel/kernel.c:318:9:sys_sem_v	24	static
