Archive member included to satisfy reference by file (symbol)

/home/slash/Documents/SCO/EXPRESSO/LPC55S69_OSreal.src/LPC55S69/mcuxpresso/libpower_hardabi.a(fsl_power_lib.o)
                              ./drivers/fsl_clock.o (POWER_SetVoltageForFreq)
/opt/mcuxpresso-ide/ide/plugins/com.nxp.mcuxpresso.tools.linux_11.5.0.202107051138/tools/bin/../lib/gcc/arm-none-eabi/10.3.1/thumb/v8-m.main+fp/hard/libgcc.a(_aeabi_uldivmod.o)
                              ./drivers/fsl_clock.o (__aeabi_uldivmod)
/opt/mcuxpresso-ide/ide/plugins/com.nxp.mcuxpresso.tools.linux_11.5.0.202107051138/tools/bin/../lib/gcc/arm-none-eabi/10.3.1/thumb/v8-m.main+fp/hard/libgcc.a(_fixunssfdi.o)
                              ./device/system_LPC55S69_cm33_core0.o (__aeabi_f2ulz)
/opt/mcuxpresso-ide/ide/plugins/com.nxp.mcuxpresso.tools.linux_11.5.0.202107051138/tools/bin/../lib/gcc/arm-none-eabi/10.3.1/thumb/v8-m.main+fp/hard/libgcc.a(_udivmoddi4.o)
                              /opt/mcuxpresso-ide/ide/plugins/com.nxp.mcuxpresso.tools.linux_11.5.0.202107051138/tools/bin/../lib/gcc/arm-none-eabi/10.3.1/thumb/v8-m.main+fp/hard/libgcc.a(_aeabi_uldivmod.o) (__udivmoddi4)
/opt/mcuxpresso-ide/ide/plugins/com.nxp.mcuxpresso.tools.linux_11.5.0.202107051138/tools/bin/../lib/gcc/arm-none-eabi/10.3.1/thumb/v8-m.main+fp/hard/libgcc.a(_arm_muldf3.o)
                              /opt/mcuxpresso-ide/ide/plugins/com.nxp.mcuxpresso.tools.linux_11.5.0.202107051138/tools/bin/../lib/gcc/arm-none-eabi/10.3.1/thumb/v8-m.main+fp/hard/libgcc.a(_fixunssfdi.o) (__aeabi_dmul)
/opt/mcuxpresso-ide/ide/plugins/com.nxp.mcuxpresso.tools.linux_11.5.0.202107051138/tools/bin/../lib/gcc/arm-none-eabi/10.3.1/thumb/v8-m.main+fp/hard/libgcc.a(_dvmd_tls.o)
                              /opt/mcuxpresso-ide/ide/plugins/com.nxp.mcuxpresso.tools.linux_11.5.0.202107051138/tools/bin/../lib/gcc/arm-none-eabi/10.3.1/thumb/v8-m.main+fp/hard/libgcc.a(_aeabi_uldivmod.o) (__aeabi_ldiv0)
/opt/mcuxpresso-ide/ide/plugins/com.nxp.mcuxpresso.tools.linux_11.5.0.202107051138/tools/bin/../lib/gcc/arm-none-eabi/10.3.1/thumb/v8-m.main+fp/hard/libgcc.a(_arm_addsubdf3.o)
                              /opt/mcuxpresso-ide/ide/plugins/com.nxp.mcuxpresso.tools.linux_11.5.0.202107051138/tools/bin/../lib/gcc/arm-none-eabi/10.3.1/thumb/v8-m.main+fp/hard/libgcc.a(_fixunssfdi.o) (__aeabi_dsub)
/opt/mcuxpresso-ide/ide/plugins/com.nxp.mcuxpresso.tools.linux_11.5.0.202107051138/tools/bin/../lib/gcc/arm-none-eabi/10.3.1/thumb/v8-m.main+fp/hard/libgcc.a(_arm_fixunsdfsi.o)
                              /opt/mcuxpresso-ide/ide/plugins/com.nxp.mcuxpresso.tools.linux_11.5.0.202107051138/tools/bin/../lib/gcc/arm-none-eabi/10.3.1/thumb/v8-m.main+fp/hard/libgcc.a(_fixunssfdi.o) (__aeabi_d2uiz)
/opt/mcuxpresso-ide/ide/plugins/com.nxp.mcuxpresso.tools.linux_11.5.0.202107051138/tools/bin/../lib/gcc/arm-none-eabi/10.3.1/../../../../arm-none-eabi/lib/thumb/v8-m.main+fp/hard/libc_nano.a(lib_a-assert.o)
                              ./drivers/fsl_clock.o (__assert_func)
/opt/mcuxpresso-ide/ide/plugins/com.nxp.mcuxpresso.tools.linux_11.5.0.202107051138/tools/bin/../lib/gcc/arm-none-eabi/10.3.1/../../../../arm-none-eabi/lib/thumb/v8-m.main+fp/hard/libc_nano.a(lib_a-ctype_.o)
                              ./device/termio.o (_ctype_)
/opt/mcuxpresso-ide/ide/plugins/com.nxp.mcuxpresso.tools.linux_11.5.0.202107051138/tools/bin/../lib/gcc/arm-none-eabi/10.3.1/../../../../arm-none-eabi/lib/thumb/v8-m.main+fp/hard/libc_nano.a(lib_a-errno.o)
                              ./utilities/fsl_str.o (__errno)
/opt/mcuxpresso-ide/ide/plugins/com.nxp.mcuxpresso.tools.linux_11.5.0.202107051138/tools/bin/../lib/gcc/arm-none-eabi/10.3.1/../../../../arm-none-eabi/lib/thumb/v8-m.main+fp/hard/libc_nano.a(lib_a-fprintf.o)
                              /opt/mcuxpresso-ide/ide/plugins/com.nxp.mcuxpresso.tools.linux_11.5.0.202107051138/tools/bin/../lib/gcc/arm-none-eabi/10.3.1/../../../../arm-none-eabi/lib/thumb/v8-m.main+fp/hard/libc_nano.a(lib_a-assert.o) (fiprintf)
/opt/mcuxpresso-ide/ide/plugins/com.nxp.mcuxpresso.tools.linux_11.5.0.202107051138/tools/bin/../lib/gcc/arm-none-eabi/10.3.1/../../../../arm-none-eabi/lib/thumb/v8-m.main+fp/hard/libc_nano.a(lib_a-impure.o)
                              /opt/mcuxpresso-ide/ide/plugins/com.nxp.mcuxpresso.tools.linux_11.5.0.202107051138/tools/bin/../lib/gcc/arm-none-eabi/10.3.1/../../../../arm-none-eabi/lib/thumb/v8-m.main+fp/hard/libc_nano.a(lib_a-assert.o) (_impure_ptr)
/opt/mcuxpresso-ide/ide/plugins/com.nxp.mcuxpresso.tools.linux_11.5.0.202107051138/tools/bin/../lib/gcc/arm-none-eabi/10.3.1/../../../../arm-none-eabi/lib/thumb/v8-m.main+fp/hard/libc_nano.a(lib_a-malloc.o)
                              ./source/oslib.o (malloc)
/opt/mcuxpresso-ide/ide/plugins/com.nxp.mcuxpresso.tools.linux_11.5.0.202107051138/tools/bin/../lib/gcc/arm-none-eabi/10.3.1/../../../../arm-none-eabi/lib/thumb/v8-m.main+fp/hard/libc_nano.a(lib_a-memcmp.o)
                              ./device/vfs.o (memcmp)
[...]
Memory Configuration

Name             Origin             Length             Attributes
PROGRAM_FLASH    0x0000000000000000 0x0000000000098000 xr
SRAM             0x0000000020000000 0x0000000000040000 xrw
SRAM4            0x0000000020040000 0x0000000000004000 xrw
SRAMX            0x0000000004000000 0x0000000000008000 xrw
USB_RAM          0x0000000040100000 0x0000000000004000 xrw
*default*        0x0000000000000000 0xffffffffffffffff

Linker script and memory map

LOAD ./utilities/fsl_debug_console.o
LOAD ./utilities/fsl_str.o
LOAD ./startup/boot_multicore_slave.o
LOAD ./startup/startup_lpc55s69_cm33_core0.o
LOAD ./startup/svc.o
LOAD ./source/main.o
LOAD ./source/oslib.o
LOAD ./source/semihost_hardfault.o
LOAD ./kernel/kernel.o
LOAD ./kernel/list.o
LOAD ./drivers/fsl_clock.o
LOAD ./drivers/fsl_common.o
LOAD ./drivers/fsl_flexcomm.o
LOAD ./drivers/fsl_gpio.o
LOAD ./drivers/fsl_i2c.o
LOAD ./drivers/fsl_inputmux.o
LOAD ./drivers/fsl_pint.o
LOAD ./drivers/fsl_reset.o
LOAD ./drivers/fsl_usart.o
LOAD ./device/system_LPC55S69_cm33_core0.o
LOAD ./device/target.o
LOAD ./device/termio.o
LOAD ./device/vfs.o
LOAD ./component/uart/fsl_adapter_usart.o
LOAD ./component/serial_manager/fsl_component_serial_manager.o
LOAD ./component/serial_manager/fsl_component_serial_port_uart.o
LOAD ./component/lists/fsl_component_generic_list.o
LOAD ./board/board.o
LOAD ./board/clock_config.o
LOAD ./board/peripherals.o
LOAD ./board/pin_mux.o
LOAD ./LPC55S69/drivers/fsl_power.o
LOAD /home/slash/Documents/SCO/EXPRESSO/LPC55S69_OSreal.src/LPC55S69/mcuxpresso/libpower_hardabi.a
START GROUP
LOAD /opt/mcuxpresso-ide/ide/plugins/com.nxp.mcuxpresso.tools.linux_11.5.0.202107051138/tools/bin/../lib/gcc/arm-none-eabi/10.3.1/thumb/v8-m.main+fp/hard/libgcc.a
LOAD /opt/mcuxpresso-ide/ide/plugins/com.nxp.mcuxpresso.tools.linux_11.5.0.202107051138/tools/bin/../lib/gcc/arm-none-eabi/10.3.1/../../../../arm-none-eabi/lib/thumb/v8-m.main+fp/hard/libc_nano.a
LOAD /opt/mcuxpresso-ide/ide/plugins/com.nxp.mcuxpresso.tools.linux_11.5.0.202107051138/tools/bin/../lib/gcc/arm-none-eabi/10.3.1/../../../../arm-none-eabi/lib/thumb/v8-m.main+fp/hard/libm.a
LOAD /opt/mcuxpresso-ide/ide/plugins/com.nxp.mcuxpresso.tools.linux_11.5.0.202107051138/tools/bin/../lib/gcc/arm-none-eabi/10.3.1/../../../../arm-none-eabi/lib/thumb/v8-m.main+fp/hard/libcr_newlib_semihost.a
END GROUP
                0x0000000000000000                __base_PROGRAM_FLASH = 0x0
                0x0000000000000000                __base_Flash = 0x0
                0x0000000000098000                __top_PROGRAM_FLASH = 0x98000
                0x0000000000098000                __top_Flash = 0x98000
                0x0000000020000000                __base_SRAM = 0x20000000
                0x0000000020000000                __base_RAM = 0x20000000
                0x0000000020040000                __top_SRAM = 0x20040000
                0x0000000020040000                __top_RAM = 0x20040000
                0x0000000020040000                __base_SRAM4 = 0x20040000
                0x0000000020040000                __base_RAM2 = 0x20040000
                0x0000000020044000                __top_SRAM4 = 0x20044000
                0x0000000020044000                __top_RAM2 = 0x20044000
                0x0000000004000000                __base_SRAMX = 0x4000000
                0x0000000004000000                __base_RAM3 = 0x4000000
                0x0000000004008000                __top_SRAMX = 0x4008000
                0x0000000004008000                __top_RAM3 = 0x4008000
                0x0000000040100000                __base_USB_RAM = 0x40100000
                0x0000000040100000                __base_RAM4 = 0x40100000
                0x0000000040104000                __top_USB_RAM = 0x40104000
                0x0000000040104000                __top_RAM4 = 0x40104000

.text           0x0000000000000000     0x5644
 FILL mask 0xff
                0x0000000000000000                __vectors_start__ = ABSOLUTE (.)
 *(SORT_BY_ALIGNMENT(.isr_vector))
 .isr_vector    0x0000000000000000      0x130 ./startup/startup_lpc55s69_cm33_core0.o
                0x0000000000000000                __Vectors
                0x0000000000000000                g_pfnVectors
                0x0000000000000130                . = ALIGN (0x4)
                0x0000000000000130                __section_table_start = .
                0x0000000000000130                __data_section_table = .
                0x0000000000000130        0x4 LONG 0x564c LOADADDR (.data)
                0x0000000000000134        0x4 LONG 0x20000000 ADDR (.data)
                0x0000000000000138        0x4 LONG 0x150 SIZEOF (.data)
                0x000000000000013c        0x4 LONG 0x564c LOADADDR (.data_RAM2)
                0x0000000000000140        0x4 LONG 0x20040000 ADDR (.data_RAM2)
                0x0000000000000144        0x4 LONG 0x0 SIZEOF (.data_RAM2)
                0x0000000000000148        0x4 LONG 0x564c LOADADDR (.data_RAM3)
                0x000000000000014c        0x4 LONG 0x4000000 ADDR (.data_RAM3)
                0x0000000000000150        0x4 LONG 0x0 SIZEOF (.data_RAM3)
                0x0000000000000154        0x4 LONG 0x564c LOADADDR (.data_RAM4)
                0x0000000000000158        0x4 LONG 0x40100000 ADDR (.data_RAM4)
                0x000000000000015c        0x4 LONG 0x0 SIZEOF (.data_RAM4)
                0x0000000000000160                __data_section_table_end = .
                0x0000000000000160                __bss_section_table = .
                0x0000000000000160        0x4 LONG 0x20000150 ADDR (.bss)
                0x0000000000000164        0x4 LONG 0x1b4 SIZEOF (.bss)
                0x0000000000000168        0x4 LONG 0x20040000 ADDR (.bss_RAM2)
                0x000000000000016c        0x4 LONG 0x0 SIZEOF (.bss_RAM2)
                0x0000000000000170        0x4 LONG 0x4000000 ADDR (.bss_RAM3)
                0x0000000000000174        0x4 LONG 0x0 SIZEOF (.bss_RAM3)
                0x0000000000000178        0x4 LONG 0x40100000 ADDR (.bss_RAM4)
                0x000000000000017c        0x4 LONG 0x0 SIZEOF (.bss_RAM4)
                0x0000000000000180                __bss_section_table_end = .
                0x0000000000000180                __section_table_end = .
 *(SORT_BY_ALIGNMENT(.after_vectors*))
 .after_vectors.reset
                0x0000000000000180       0x70 ./startup/startup_lpc55s69_cm33_core0.o
                0x0000000000000180                ResetISR
 .after_vectors.init_data
                0x00000000000001f0       0x1e ./startup/startup_lpc55s69_cm33_core0.o
                0x00000000000001f0                data_init
 .after_vectors.init_bss
                0x000000000000020e       0x12 ./startup/startup_lpc55s69_cm33_core0.o
                0x000000000000020e                bss_init
 .after_vectors
                0x0000000000000220       0x16 ./startup/startup_lpc55s69_cm33_core0.o
                0x0000000000000220                NMI_Handler
                0x0000000000000224                MemManage_Handler
                0x0000000000000226                BusFault_Handler
                0x0000000000000228                UsageFault_Handler
                0x000000000000022a                SecureFault_Handler
                0x000000000000022e                DebugMon_Handler
                0x0000000000000234                Reserved39_DriverIRQHandler
                0x0000000000000234                DMA0_DriverIRQHandler
                0x0000000000000234                Reserved42_DriverIRQHandler
                0x0000000000000234                SEC_VIO_DriverIRQHandler
                0x0000000000000234                Reserved56_DriverIRQHandler
                0x0000000000000234                CTIMER2_DriverIRQHandler
                0x0000000000000234                IntDefaultHandler
                0x0000000000000234                USB0_DriverIRQHandler
                0x0000000000000234                CASER_DriverIRQHandler
                0x0000000000000234                MRT0_DriverIRQHandler
                0x0000000000000234                UTICK0_DriverIRQHandler
                0x0000000000000234                Reserved41_DriverIRQHandler
                0x0000000000000234                CTIMER4_DriverIRQHandler
                0x0000000000000234                GINT1_DriverIRQHandler
                0x0000000000000234                Reserved55_DriverIRQHandler
                0x0000000000000234                HASHCRYPT_DriverIRQHandler
                0x0000000000000234                USB0_NEEDCLK_DriverIRQHandler
                0x0000000000000234                CTIMER0_DriverIRQHandler
                0x0000000000000234                CTIMER1_DriverIRQHandler
                0x0000000000000234                PQ_DriverIRQHandler
                0x0000000000000234                MAILBOX_DriverIRQHandler
                0x0000000000000234                CTIMER3_DriverIRQHandler
                0x0000000000000234                Reserved61_DriverIRQHandler
                0x0000000000000234                PUF_DriverIRQHandler
                0x0000000000000234                RTC_DriverIRQHandler
                0x0000000000000234                USB1_DriverIRQHandler
                0x0000000000000234                Reserved60_DriverIRQHandler
                0x0000000000000234                DMA1_DriverIRQHandler
                0x0000000000000234                ADC0_DriverIRQHandler
                0x0000000000000234                USB1_NEEDCLK_DriverIRQHandler
                0x0000000000000234                Reserved59_DriverIRQHandler
                0x0000000000000234                SDIO_DriverIRQHandler
                0x0000000000000234                GINT0_DriverIRQHandler
                0x0000000000000234                USB1_PHY_DriverIRQHandler
                0x0000000000000234                ACMP_DriverIRQHandler
                0x0000000000000234                Reserved57_DriverIRQHandler
                0x0000000000000234                Reserved46_DriverIRQHandler
                0x0000000000000234                WDT_BOD_DriverIRQHandler
                0x0000000000000234                SCT0_DriverIRQHandler
                0x0000000000000234                PLU_DriverIRQHandler
                0x0000000000000234                OS_EVENT_DriverIRQHandler
                0x0000000000000234                SEC_HYPERVISOR_CALL_DriverIRQHandler
 *(SORT_BY_ALIGNMENT(.text*))
 *fill*         0x0000000000000236        0x2 ff
 .text.__NVIC_SetPriority
                0x0000000000000238       0x54 ./startup/startup_lpc55s69_cm33_core0.o
 .text.PendSV_Handler
                0x000000000000028c       0x50 ./startup/svc.o
                0x000000000000028c                PendSV_Handler
 .text.tache1   0x00000000000002dc       0x54 ./source/main.o
                0x00000000000002dc                tache1
 .text.main     0x0000000000000330       0x28 ./source/main.o
                0x0000000000000330                main
 .text.__NVIC_SetPriority
                0x0000000000000358       0x54 ./kernel/kernel.o
 .text.SysTick_Config
                0x00000000000003ac       0x44 ./kernel/kernel.o
 .text.svc_dispatch
                0x00000000000003f0       0xe8 ./kernel/kernel.o
                0x00000000000003f0                svc_dispatch
 .text.sys_switch_ctx
                0x00000000000004d8       0x20 ./kernel/kernel.o
                0x00000000000004d8                sys_switch_ctx
 .text.sys_tick_cb
                0x00000000000004f8       0xb4 ./kernel/kernel.o
                0x00000000000004f8                sys_tick_cb
 .text.SysTick_Handler
                0x00000000000005ac       0x28 ./kernel/kernel.o
                0x00000000000005ac                SysTick_Handler
 .text.sys_os_start
                0x00000000000005d4       0x48 ./kernel/kernel.o
                0x00000000000005d4                sys_os_start
 .text.sys_task_new
                0x000000000000061c       0xd8 ./kernel/kernel.o
                0x000000000000061c                sys_task_new
 .text.sys_task_kill
                0x00000000000006f4       0x44 ./kernel/kernel.o
                0x00000000000006f4                sys_task_kill
 .text.sys_task_id
                0x0000000000000738       0x28 ./kernel/kernel.o
                0x0000000000000738                sys_task_id
 .text.sys_task_wait
                0x0000000000000760       0x6c ./kernel/kernel.o
                0x0000000000000760                sys_task_wait
 .text.sys_sem_p
                0x00000000000007cc       0x70 ./kernel/kernel.o
                0x00000000000007cc                sys_sem_p
 .text.sys_sem_v
                0x000000000000083c       0x7c ./kernel/kernel.o
                0x000000000000083c                sys_sem_v
 .text.POWER_EnablePD
                0x00000000000008b8       0x20 ./drivers/fsl_clock.o
 .text.POWER_DisablePD
                0x00000000000008d8       0x20 ./drivers/fsl_clock.o
 .text.CLOCK_AttachClk
                0x00000000000008f8       0x98 ./drivers/fsl_clock.o
                0x00000000000008f8                CLOCK_AttachClk
 .text.CLOCK_SetClkDiv
                0x0000000000000990       0x80 ./drivers/fsl_clock.o
                0x0000000000000990                CLOCK_SetClkDiv
 .text.CLOCK_SetupFROClocking
                0x0000000000000a10       0x80 ./drivers/fsl_clock.o
                0x0000000000000a10                CLOCK_SetupFROClocking
 .text.CLOCK_SetFLASHAccessCyclesForFreq
                0x0000000000000a90      0x148 ./drivers/fsl_clock.o
                0x0000000000000a90                CLOCK_SetFLASHAccessCyclesForFreq
 .text.CLOCK_SetupExtClocking
                0x0000000000000bd8       0x50 ./drivers/fsl_clock.o
                0x0000000000000bd8                CLOCK_SetupExtClocking
 .text.CLOCK_GetFro12MFreq
                0x0000000000000c28       0x28 ./drivers/fsl_clock.o
                0x0000000000000c28                CLOCK_GetFro12MFreq
 .text.CLOCK_GetFro1MFreq
                0x0000000000000c50       0x28 ./drivers/fsl_clock.o
                0x0000000000000c50                CLOCK_GetFro1MFreq
 .text.CLOCK_GetExtClkFreq
                0x0000000000000c78       0x2c ./drivers/fsl_clock.o
                0x0000000000000c78                CLOCK_GetExtClkFreq
 .text.CLOCK_GetFroHfFreq
                0x0000000000000ca4       0x28 ./drivers/fsl_clock.o
                0x0000000000000ca4                CLOCK_GetFroHfFreq
 .text.CLOCK_GetPll0OutFreq
                0x0000000000000ccc       0x18 ./drivers/fsl_clock.o
                0x0000000000000ccc                CLOCK_GetPll0OutFreq
 .text.CLOCK_GetPll1OutFreq
                0x0000000000000ce4       0x18 ./drivers/fsl_clock.o
                0x0000000000000ce4                CLOCK_GetPll1OutFreq
 .text.CLOCK_GetOsc32KFreq
                0x0000000000000cfc       0x58 ./drivers/fsl_clock.o
                0x0000000000000cfc                CLOCK_GetOsc32KFreq
 .text.CLOCK_GetCoreSysClkFreq
                0x0000000000000d54       0xa8 ./drivers/fsl_clock.o
                0x0000000000000d54                CLOCK_GetCoreSysClkFreq
 .text.CLOCK_GetI2SMClkFreq
                0x0000000000000dfc       0x18 ./drivers/fsl_clock.o
                0x0000000000000dfc                CLOCK_GetI2SMClkFreq
 .text.CLOCK_GetFlexCommInputClock
                0x0000000000000e14       0xcc ./drivers/fsl_clock.o
                0x0000000000000e14                CLOCK_GetFlexCommInputClock
 .text.CLOCK_GetPLL0InClockRate
                0x0000000000000ee0       0x64 ./drivers/fsl_clock.o
                0x0000000000000ee0                CLOCK_GetPLL0InClockRate
 .text.CLOCK_SetPLL0Freq
                0x0000000000000f44      0x12c ./drivers/fsl_clock.o
                0x0000000000000f44                CLOCK_SetPLL0Freq
 .text.SDK_DelayAtLeastUs
                0x0000000000001070       0xac ./drivers/fsl_common.o
                0x0000000000001070                SDK_DelayAtLeastUs
 .text.FLEXCOMM_GetInstance
                0x000000000000111c       0x5c ./drivers/fsl_flexcomm.o
                0x000000000000111c                FLEXCOMM_GetInstance
 .text.FLEXCOMM_Init
                0x0000000000001178       0x50 ./drivers/fsl_flexcomm.o
                0x0000000000001178                FLEXCOMM_Init
 .text.FLEXCOMM1_DriverIRQHandler
                0x00000000000011c8       0x44 ./drivers/fsl_flexcomm.o
                0x00000000000011c8                FLEXCOMM1_DriverIRQHandler
 .text.FLEXCOMM2_DriverIRQHandler
                0x000000000000120c       0x44 ./drivers/fsl_flexcomm.o
                0x000000000000120c                FLEXCOMM2_DriverIRQHandler
 .text.FLEXCOMM3_DriverIRQHandler
                0x0000000000001250       0x44 ./drivers/fsl_flexcomm.o
                0x0000000000001250                FLEXCOMM3_DriverIRQHandler
 .text.FLEXCOMM4_DriverIRQHandler
                0x0000000000001294       0x44 ./drivers/fsl_flexcomm.o
                0x0000000000001294                FLEXCOMM4_DriverIRQHandler
 .text.FLEXCOMM5_DriverIRQHandler
                0x00000000000012d8       0x44 ./drivers/fsl_flexcomm.o
                0x00000000000012d8                FLEXCOMM5_DriverIRQHandler
 .text.FLEXCOMM6_DriverIRQHandler
                0x000000000000131c       0x44 ./drivers/fsl_flexcomm.o
                0x000000000000131c                FLEXCOMM6_DriverIRQHandler
 .text.FLEXCOMM7_DriverIRQHandler
                0x0000000000001360       0x44 ./drivers/fsl_flexcomm.o
                0x0000000000001360                FLEXCOMM7_DriverIRQHandler
 .text.FLEXCOMM8_DriverIRQHandler
                0x00000000000013a4       0x48 ./drivers/fsl_flexcomm.o
                0x00000000000013a4                FLEXCOMM8_DriverIRQHandler
 .text.GPIO_EnablePortClock
                0x00000000000013ec       0x44 ./drivers/fsl_gpio.o
 .text.GPIO_PortInit
                0x0000000000001430       0x2c ./drivers/fsl_gpio.o
                0x0000000000001430                GPIO_PortInit
 .text.__NVIC_EnableIRQ
                0x000000000000145c       0x3c ./drivers/fsl_pint.o
 .text.__NVIC_ClearPendingIRQ
                0x0000000000001498       0x3c ./drivers/fsl_pint.o
 .text.PINT_Init
                0x00000000000014d4       0xe0 ./drivers/fsl_pint.o
                0x00000000000014d4                PINT_Init
 .text.PINT_PinInterruptConfig
                0x00000000000015b4       0xe0 ./drivers/fsl_pint.o
                0x00000000000015b4                PINT_PinInterruptConfig
 .text.PINT_EnableCallbackByIndex
                0x0000000000001694       0x6c ./drivers/fsl_pint.o
                0x0000000000001694                PINT_EnableCallbackByIndex
 .text.SEC_GPIO_INT0_IRQ0_DriverIRQHandler
                0x0000000000001700       0x48 ./drivers/fsl_pint.o
                0x0000000000001700                SEC_GPIO_INT0_IRQ0_DriverIRQHandler
 .text.SEC_GPIO_INT0_IRQ1_DriverIRQHandler
                0x0000000000001748       0x44 ./drivers/fsl_pint.o
                0x0000000000001748                SEC_GPIO_INT0_IRQ1_DriverIRQHandler
 .text.PIN_INT0_DriverIRQHandler
                0x000000000000178c       0x48 ./drivers/fsl_pint.o
                0x000000000000178c                PIN_INT0_DriverIRQHandler
 .text.PIN_INT1_DriverIRQHandler
                0x00000000000017d4       0x48 ./drivers/fsl_pint.o
                0x00000000000017d4                PIN_INT1_DriverIRQHandler
 .text.PIN_INT2_DriverIRQHandler
                0x000000000000181c       0x48 ./drivers/fsl_pint.o
                0x000000000000181c                PIN_INT2_DriverIRQHandler
 .text.PIN_INT3_DriverIRQHandler
                0x0000000000001864       0x48 ./drivers/fsl_pint.o
                0x0000000000001864                PIN_INT3_DriverIRQHandler
 .text.PIN_INT4_DriverIRQHandler
                0x00000000000018ac       0x48 ./drivers/fsl_pint.o
                0x00000000000018ac                PIN_INT4_DriverIRQHandler
 .text.PIN_INT5_DriverIRQHandler
                0x00000000000018f4       0x48 ./drivers/fsl_pint.o
                0x00000000000018f4                PIN_INT5_DriverIRQHandler
 .text.PIN_INT6_DriverIRQHandler
                0x000000000000193c       0x48 ./drivers/fsl_pint.o
                0x000000000000193c                PIN_INT6_DriverIRQHandler
 .text.PIN_INT7_DriverIRQHandler
                0x0000000000001984       0x48 ./drivers/fsl_pint.o
                0x0000000000001984                PIN_INT7_DriverIRQHandler
 .text.RESET_SetPeripheralReset
                0x00000000000019cc       0x6c ./drivers/fsl_reset.o
                0x00000000000019cc                RESET_SetPeripheralReset
 .text.RESET_ClearPeripheralReset
                0x0000000000001a38       0x6c ./drivers/fsl_reset.o
                0x0000000000001a38                RESET_ClearPeripheralReset
 .text.USART_Init
                0x0000000000001aa4      0x1d8 ./drivers/fsl_usart.o
                0x0000000000001aa4                USART_Init
 .text.USART_GetDefaultConfig
                0x0000000000001c7c       0x90 ./drivers/fsl_usart.o
                0x0000000000001c7c                USART_GetDefaultConfig
 .text.USART_SetBaudRate
                0x0000000000001d0c      0x184 ./drivers/fsl_usart.o
                0x0000000000001d0c                USART_SetBaudRate
 .text.USART_WriteBlocking
                0x0000000000001e90       0x9c ./drivers/fsl_usart.o
                0x0000000000001e90                USART_WriteBlocking
 .text.SystemInit
                0x0000000000001f2c       0x64 ./device/system_LPC55S69_cm33_core0.o
                0x0000000000001f2c                SystemInit
 .text.__NVIC_EnableIRQ
                0x0000000000001f90       0x3c ./device/target.o
 .text.__NVIC_SetPriority
                0x0000000000001fcc       0x54 ./device/target.o
 .text.dev_read_test
                0x0000000000002020       0x84 ./device/target.o
 .text.leds     0x00000000000020a4       0x64 ./device/target.o
 .text.dev_init_leds
                0x0000000000002108       0x64 ./device/target.o
 .text.on_swuser_cb
                0x000000000000216c       0x24 ./device/target.o
 .text.dev_init_btn
                0x0000000000002190       0x74 ./device/target.o
 .text.FLEXCOMM0_IRQHandler
                0x0000000000002204       0xa8 ./device/target.o
                0x0000000000002204                FLEXCOMM0_IRQHandler
 .text.dev_init_serial
                0x00000000000022ac       0x74 ./device/target.o
 .text.dev_write_serial
                0x0000000000002320       0x3c ./device/target.o
 .text.dev_read_serial
                0x000000000000235c       0x74 ./device/target.o
 .text.dev_init
                0x00000000000023d0       0x74 ./device/target.o
                0x00000000000023d0                dev_init
 .text.dirname  0x0000000000002444       0x60 ./device/vfs.o
                0x0000000000002444                dirname
 .text.dev_lookup
                0x00000000000024a4       0x7c ./device/vfs.o
 .text.open     0x0000000000002520       0xdc ./device/vfs.o
                0x0000000000002520                open
 .text.read     0x00000000000025fc       0x34 ./device/vfs.o
                0x00000000000025fc                read
 .text.write    0x0000000000002630       0x34 ./device/vfs.o
                0x0000000000002630                write
 .text.BOARD_InitDebugConsole
                0x0000000000002664       0x38 ./board/board.o
                0x0000000000002664                BOARD_InitDebugConsole
 .text.POWER_DisablePD
                0x000000000000269c       0x20 ./board/clock_config.o
 .text.BOARD_BootClockPLL100M
                0x00000000000026bc       0xec ./board/clock_config.o
                0x00000000000026bc                BOARD_BootClockPLL100M
 .text.BOARD_InitPins
                0x00000000000027a8       0xd4 ./board/pin_mux.o
                0x00000000000027a8                BOARD_InitPins
 .text.lowpower_set_system_voltage
                0x000000000000287c       0xa0 /home/slash/Documents/SCO/EXPRESSO/LPC55S69_OSreal.src/LPC55S69/mcuxpresso/libpower_hardabi.a(fsl_power_lib.o)
 .text.lowpower_set_voltage_for_process
                0x000000000000291c       0x84 /home/slash/Documents/SCO/EXPRESSO/LPC55S69_OSreal.src/LPC55S69/mcuxpresso/libpower_hardabi.a(fsl_power_lib.o)
 .text.POWER_SetVoltageForFreq
                0x00000000000029a0       0x84 /home/slash/Documents/SCO/EXPRESSO/LPC55S69_OSreal.src/LPC55S69/mcuxpresso/libpower_hardabi.a(fsl_power_lib.o)
                0x00000000000029a0                POWER_SetVoltageForFreq
 .text          0x0000000000002a24       0x30 /opt/mcuxpresso-ide/ide/plugins/com.nxp.mcuxpresso.tools.linux_11.5.0.202107051138/tools/bin/../lib/gcc/arm-none-eabi/10.3.1/thumb/v8-m.main+fp/hard/libgcc.a(_aeabi_uldivmod.o)
                0x0000000000002a24                __aeabi_uldivmod
 .text          0x0000000000002a54      0x2ec /opt/mcuxpresso-ide/ide/plugins/com.nxp.mcuxpresso.tools.linux_11.5.0.202107051138/tools/bin/../lib/gcc/arm-none-eabi/10.3.1/thumb/v8-m.main+fp/hard/libgcc.a(_udivmoddi4.o)
                0x0000000000002a54                __udivmoddi4
 .text          0x0000000000002d40        0x4 /opt/mcuxpresso-ide/ide/plugins/com.nxp.mcuxpresso.tools.linux_11.5.0.202107051138/tools/bin/../lib/gcc/arm-none-eabi/10.3.1/thumb/v8-m.main+fp/hard/libgcc.a(_dvmd_tls.o)
                0x0000000000002d40                __aeabi_ldiv0
                0x0000000000002d40                __aeabi_idiv0
 .text.__assert_func
                0x0000000000002d44       0x3c /opt/mcuxpresso-ide/ide/plugins/com.nxp.mcuxpresso.tools.linux_11.5.0.202107051138/tools/bin/../lib/gcc/arm-none-eabi/10.3.1/../../../../arm-none-eabi/lib/thumb/v8-m.main+fp/hard/libc_nano.a(lib_a-assert.o)
                0x0000000000002d44                __assert_func
 .text.__errno  0x0000000000002d80        0xc /opt/mcuxpresso-ide/ide/plugins/com.nxp.mcuxpresso.tools.linux_11.5.0.202107051138/tools/bin/../lib/gcc/arm-none-eabi/10.3.1/../../../../arm-none-eabi/lib/thumb/v8-m.main+fp/hard/libc_nano.a(lib_a-errno.o)
                0x0000000000002d80                __errno
 .text.fprintf  0x0000000000002d8c       0x24 /opt/mcuxpresso-ide/ide/plugins/com.nxp.mcuxpresso.tools.linux_11.5.0.202107051138/tools/bin/../lib/gcc/arm-none-eabi/10.3.1/../../../../arm-none-eabi/lib/thumb/v8-m.main+fp/hard/libc_nano.a(lib_a-fprintf.o)
                0x0000000000002d8c                fprintf
                0x0000000000002d8c                fiprintf
 .text.malloc   0x0000000000002db0       0x10 /opt/mcuxpresso-ide/ide/plugins/com.nxp.mcuxpresso.tools.linux_11.5.0.202107051138/tools/bin/../lib/gcc/arm-none-eabi/10.3.1/../../../../arm-none-eabi/lib/thumb/v8-m.main+fp/hard/libc_nano.a(lib_a-malloc.o)
                0x0000000000002db0                malloc
 .text.free     0x0000000000002dc0       0x10 /opt/mcuxpresso-ide/ide/plugins/com.nxp.mcuxpresso.tools.linux_11.5.0.202107051138/tools/bin/../lib/gcc/arm-none-eabi/10.3.1/../../../../arm-none-eabi/lib/thumb/v8-m.main+fp/hard/libc_nano.a(lib_a-malloc.o)
                0x0000000000002dc0                free
 .text._free_r  0x0000000000002dd0       0x98 /opt/mcuxpresso-ide/ide/plugins/com.nxp.mcuxpresso.tools.linux_11.5.0.202107051138/tools/bin/../lib/gcc/arm-none-eabi/10.3.1/../../../../arm-none-eabi/lib/thumb/v8-m.main+fp/hard/libc_nano.a(lib_a-nano-freer.o)
                0x0000000000002dd0                _free_r
 .text.sbrk_aligned
                0x0000000000002e68       0x40 /opt/mcuxpresso-ide/ide/plugins/com.nxp.mcuxpresso.tools.linux_11.5.0.202107051138/tools/bin/../lib/gcc/arm-none-eabi/10.3.1/../../../../arm-none-eabi/lib/thumb/v8-m.main+fp/hard/libc_nano.a(lib_a-nano-mallocr.o)
 .text._malloc_r
                0x0000000000002ea8       0xe8 /opt/mcuxpresso-ide/ide/plugins/com.nxp.mcuxpresso.tools.linux_11.5.0.202107051138/tools/bin/../lib/gcc/arm-none-eabi/10.3.1/../../../../arm-none-eabi/lib/thumb/v8-m.main+fp/hard/libc_nano.a(lib_a-nano-mallocr.o)
                0x0000000000002ea8                _malloc_r
 .text._vfprintf_r
                0x0000000000002f90      0x260 /opt/mcuxpresso-ide/ide/plugins/com.nxp.mcuxpresso.tools.linux_11.5.0.202107051138/tools/bin/../lib/gcc/arm-none-eabi/10.3.1/../../../../arm-none-eabi/lib/thumb/v8-m.main+fp/hard/libc_nano.a(lib_a-nano-vfprintf.o)
                0x0000000000002f90                _vfiprintf_r
                0x0000000000002f90                _vfprintf_r
 .text._printf_i
                0x00000000000031f0      0x24c /opt/mcuxpresso-ide/ide/plugins/com.nxp.mcuxpresso.tools.linux_11.5.0.202107051138/tools/bin/../lib/gcc/arm-none-eabi/10.3.1/../../../../arm-none-eabi/lib/thumb/v8-m.main+fp/hard/libc_nano.a(lib_a-nano-vfprintf_i.o)
                0x00000000000031f0                _printf_i
 .text._sbrk_r  0x000000000000343c       0x20 /opt/mcuxpresso-ide/ide/plugins/com.nxp.mcuxpresso.tools.linux_11.5.0.202107051138/tools/bin/../lib/gcc/arm-none-eabi/10.3.1/../../../../arm-none-eabi/lib/thumb/v8-m.main+fp/hard/libc_nano.a(lib_a-sbrkr.o)
                0x000000000000343c                _sbrk_r
 .text.__swbuf_r
                0x000000000000345c       0xa4 /opt/mcuxpresso-ide/ide/plugins/com.nxp.mcuxpresso.tools.linux_11.5.0.202107051138/tools/bin/../lib/gcc/arm-none-eabi/10.3.1/../../../../arm-none-eabi/lib/thumb/v8-m.main+fp/hard/libc_nano.a(lib_a-wbuf.o)
                0x000000000000345c                __swbuf_r
 .text.__swsetup_r
                0x0000000000003500       0xdc /opt/mcuxpresso-ide/ide/plugins/com.nxp.mcuxpresso.tools.linux_11.5.0.202107051138/tools/bin/../lib/gcc/arm-none-eabi/10.3.1/../../../../arm-none-eabi/lib/thumb/v8-m.main+fp/hard/libc_nano.a(lib_a-wsetup.o)
                0x0000000000003500                __swsetup_r
 .text.__sflush_r
                0x00000000000035dc      0x108 /opt/mcuxpresso-ide/ide/plugins/com.nxp.mcuxpresso.tools.linux_11.5.0.202107051138/tools/bin/../lib/gcc/arm-none-eabi/10.3.1/../../../../arm-none-eabi/lib/thumb/v8-m.main+fp/hard/libc_nano.a(lib_a-fflush.o)
                0x00000000000035dc                __sflush_r
 .text._fflush_r
                0x00000000000036e4       0x78 /opt/mcuxpresso-ide/ide/plugins/com.nxp.mcuxpresso.tools.linux_11.5.0.202107051138/tools/bin/../lib/gcc/arm-none-eabi/10.3.1/../../../../arm-none-eabi/lib/thumb/v8-m.main+fp/hard/libc_nano.a(lib_a-fflush.o)
                0x00000000000036e4                _fflush_r
 .text.std      0x000000000000375c       0x48 /opt/mcuxpresso-ide/ide/plugins/com.nxp.mcuxpresso.tools.linux_11.5.0.202107051138/tools/bin/../lib/gcc/arm-none-eabi/10.3.1/../../../../arm-none-eabi/lib/thumb/v8-m.main+fp/hard/libc_nano.a(lib_a-findfp.o)
 .text._cleanup_r
                0x00000000000037a4        0xc /opt/mcuxpresso-ide/ide/plugins/com.nxp.mcuxpresso.tools.linux_11.5.0.202107051138/tools/bin/../lib/gcc/arm-none-eabi/10.3.1/../../../../arm-none-eabi/lib/thumb/v8-m.main+fp/hard/libc_nano.a(lib_a-findfp.o)
                0x00000000000037a4                _cleanup_r
 .text.__sfp_lock_acquire
                0x00000000000037b0        0xc /opt/mcuxpresso-ide/ide/plugins/com.nxp.mcuxpresso.tools.linux_11.5.0.202107051138/tools/bin/../lib/gcc/arm-none-eabi/10.3.1/../../../../arm-none-eabi/lib/thumb/v8-m.main+fp/hard/libc_nano.a(lib_a-findfp.o)
                0x00000000000037b0                __sfp_lock_acquire
 .text.__sfp_lock_release
                0x00000000000037bc        0xc /opt/mcuxpresso-ide/ide/plugins/com.nxp.mcuxpresso.tools.linux_11.5.0.202107051138/tools/bin/../lib/gcc/arm-none-eabi/10.3.1/../../../../arm-none-eabi/lib/thumb/v8-m.main+fp/hard/libc_nano.a(lib_a-findfp.o)
                0x00000000000037bc                __sfp_lock_release
 .text.__sinit_lock_acquire
                0x00000000000037c8        0xc /opt/mcuxpresso-ide/ide/plugins/com.nxp.mcuxpresso.tools.linux_11.5.0.202107051138/tools/bin/../lib/gcc/arm-none-eabi/10.3.1/../../../../arm-none-eabi/lib/thumb/v8-m.main+fp/hard/libc_nano.a(lib_a-findfp.o)
                0x00000000000037c8                __sinit_lock_acquire
 .text.__sinit_lock_release
                0x00000000000037d4        0xc /opt/mcuxpresso-ide/ide/plugins/com.nxp.mcuxpresso.tools.linux_11.5.0.202107051138/tools/bin/../lib/gcc/arm-none-eabi/10.3.1/../../../../arm-none-eabi/lib/thumb/v8-m.main+fp/hard/libc_nano.a(lib_a-findfp.o)
                0x00000000000037d4                __sinit_lock_release
 .text.__sinit  0x00000000000037e0       0x70 /opt/mcuxpresso-ide/ide/plugins/com.nxp.mcuxpresso.tools.linux_11.5.0.202107051138/tools/bin/../lib/gcc/arm-none-eabi/10.3.1/../../../../arm-none-eabi/lib/thumb/v8-m.main+fp/hard/libc_nano.a(lib_a-findfp.o)
                0x00000000000037e0                __sinit
 .text.__sfp    0x0000000000003850       0x8c /opt/mcuxpresso-ide/ide/plugins/com.nxp.mcuxpresso.tools.linux_11.5.0.202107051138/tools/bin/../lib/gcc/arm-none-eabi/10.3.1/../../../../arm-none-eabi/lib/thumb/v8-m.main+fp/hard/libc_nano.a(lib_a-findfp.o)
                0x0000000000003850                __sfp
 .text.__smakebuf_r
                0x00000000000038dc       0x80 /opt/mcuxpresso-ide/ide/plugins/com.nxp.mcuxpresso.tools.linux_11.5.0.202107051138/tools/bin/../lib/gcc/arm-none-eabi/10.3.1/../../../../arm-none-eabi/lib/thumb/v8-m.main+fp/hard/libc_nano.a(lib_a-makebuf.o)
                0x00000000000038dc                __smakebuf_r
 .text.__malloc_lock
                0x000000000000395c        0xc /opt/mcuxpresso-ide/ide/plugins/com.nxp.mcuxpresso.tools.linux_11.5.0.202107051138/tools/bin/../lib/gcc/arm-none-eabi/10.3.1/../../../../arm-none-eabi/lib/thumb/v8-m.main+fp/hard/libc_nano.a(lib_a-mlock.o)
                0x000000000000395c                __malloc_lock
 .text.__malloc_unlock
                0x0000000000003968        0xc /opt/mcuxpresso-ide/ide/plugins/com.nxp.mcuxpresso.tools.linux_11.5.0.202107051138/tools/bin/../lib/gcc/arm-none-eabi/10.3.1/../../../../arm-none-eabi/lib/thumb/v8-m.main+fp/hard/libc_nano.a(lib_a-mlock.o)
                0x0000000000003968                __malloc_unlock
 .text.raise    0x0000000000003974       0x10 /opt/mcuxpresso-ide/ide/plugins/com.nxp.mcuxpresso.tools.linux_11.5.0.202107051138/tools/bin/../lib/gcc/arm-none-eabi/10.3.1/../../../../arm-none-eabi/lib/thumb/v8-m.main+fp/hard/libc_nano.a(lib_a-signal.o)
                0x0000000000003974                raise
 .text._kill_r  0x0000000000003984       0x24 /opt/mcuxpresso-ide/ide/plugins/com.nxp.mcuxpresso.tools.linux_11.5.0.202107051138/tools/bin/../lib/gcc/arm-none-eabi/10.3.1/../../../../arm-none-eabi/lib/thumb/v8-m.main+fp/hard/libc_nano.a(lib_a-signalr.o)
                0x0000000000003984                _kill_r
 .text._write_r
                0x00000000000039a8       0x24 /opt/mcuxpresso-ide/ide/plugins/com.nxp.mcuxpresso.tools.linux_11.5.0.202107051138/tools/bin/../lib/gcc/arm-none-eabi/10.3.1/../../../../arm-none-eabi/lib/thumb/v8-m.main+fp/hard/libc_nano.a(lib_a-writer.o)
                0x00000000000039a8                _write_r
 .text._close_r
                0x00000000000039cc       0x20 /opt/mcuxpresso-ide/ide/plugins/com.nxp.mcuxpresso.tools.linux_11.5.0.202107051138/tools/bin/../lib/gcc/arm-none-eabi/10.3.1/../../../../arm-none-eabi/lib/thumb/v8-m.main+fp/hard/libc_nano.a(lib_a-closer.o)
                0x00000000000039cc                _close_r
 .text._fstat_r
                0x00000000000039ec       0x24 /opt/mcuxpresso-ide/ide/plugins/com.nxp.mcuxpresso.tools.linux_11.5.0.202107051138/tools/bin/../lib/gcc/arm-none-eabi/10.3.1/../../../../arm-none-eabi/lib/thumb/v8-m.main+fp/hard/libc_nano.a(lib_a-fstatr.o)
                0x00000000000039ec                _fstat_r
 .text._isatty_r
                0x0000000000003a10       0x20 /opt/mcuxpresso-ide/ide/plugins/com.nxp.mcuxpresso.tools.linux_11.5.0.202107051138/tools/bin/../lib/gcc/arm-none-eabi/10.3.1/../../../../arm-none-eabi/lib/thumb/v8-m.main+fp/hard/libc_nano.a(lib_a-isattyr.o)
                0x0000000000003a10                _isatty_r
 .text._lseek_r
                0x0000000000003a30       0x24 /opt/mcuxpresso-ide/ide/plugins/com.nxp.mcuxpresso.tools.linux_11.5.0.202107051138/tools/bin/../lib/gcc/arm-none-eabi/10.3.1/../../../../arm-none-eabi/lib/thumb/v8-m.main+fp/hard/libc_nano.a(lib_a-lseekr.o)
                0x0000000000003a30                _lseek_r
 .text._read_r  0x0000000000003a54       0x24 /opt/mcuxpresso-ide/ide/plugins/com.nxp.mcuxpresso.tools.linux_11.5.0.202107051138/tools/bin/../lib/gcc/arm-none-eabi/10.3.1/../../../../arm-none-eabi/lib/thumb/v8-m.main+fp/hard/libc_nano.a(lib_a-readr.o)
                0x0000000000003a54                _read_r
 .text._sbrk    0x0000000000003a78       0x3c /opt/mcuxpresso-ide/ide/plugins/com.nxp.mcuxpresso.tools.linux_11.5.0.202107051138/tools/bin/../lib/gcc/arm-none-eabi/10.3.1/../../../../arm-none-eabi/lib/thumb/v8-m.main+fp/hard/libcr_newlib_semihost.a(_cr_sbrk.o)
                0x0000000000003a78                _sbrk
 .text._kill    0x0000000000003ab4       0x20 /opt/mcuxpresso-ide/ide/plugins/com.nxp.mcuxpresso.tools.linux_11.5.0.202107051138/tools/bin/../lib/gcc/arm-none-eabi/10.3.1/../../../../arm-none-eabi/lib/thumb/v8-m.main+fp/hard/libcr_newlib_semihost.a(_kill.o)
                0x0000000000003ab4                _kill
 .text.initialise_monitor_handles.part.0
                0x0000000000003ad4       0xa4 /opt/mcuxpresso-ide/ide/plugins/com.nxp.mcuxpresso.tools.linux_11.5.0.202107051138/tools/bin/../lib/gcc/arm-none-eabi/10.3.1/../../../../arm-none-eabi/lib/thumb/v8-m.main+fp/hard/libcr_newlib_semihost.a(syscalls.o)
 .text.findslot
                0x0000000000003b78       0x30 /opt/mcuxpresso-ide/ide/plugins/com.nxp.mcuxpresso.tools.linux_11.5.0.202107051138/tools/bin/../lib/gcc/arm-none-eabi/10.3.1/../../../../arm-none-eabi/lib/thumb/v8-m.main+fp/hard/libcr_newlib_semihost.a(syscalls.o)
 .text._close   0x0000000000003ba8       0x4c /opt/mcuxpresso-ide/ide/plugins/com.nxp.mcuxpresso.tools.linux_11.5.0.202107051138/tools/bin/../lib/gcc/arm-none-eabi/10.3.1/../../../../arm-none-eabi/lib/thumb/v8-m.main+fp/hard/libcr_newlib_semihost.a(syscalls.o)
                0x0000000000003ba8                _close
 .text.__check_heap_overflow
                0x0000000000003bf4       0x18 /opt/mcuxpresso-ide/ide/plugins/com.nxp.mcuxpresso.tools.linux_11.5.0.202107051138/tools/bin/../lib/gcc/arm-none-eabi/10.3.1/../../../../arm-none-eabi/lib/thumb/v8-m.main+fp/hard/libcr_newlib_semihost.a(_cr_check_heap.o)
                0x0000000000003bf4                __check_heap_overflow
 .text.WDT_BOD_IRQHandler
                0x0000000000003c0c        0x8 ./startup/startup_lpc55s69_cm33_core0.o
                0x0000000000003c0c                WDT_BOD_IRQHandler
 .text.DMA0_IRQHandler
                0x0000000000003c14        0x8 ./startup/startup_lpc55s69_cm33_core0.o
                0x0000000000003c14                DMA0_IRQHandler
 .text.GINT0_IRQHandler
                0x0000000000003c1c        0x8 ./startup/startup_lpc55s69_cm33_core0.o
                0x0000000000003c1c                GINT0_IRQHandler
 .text.GINT1_IRQHandler
                0x0000000000003c24        0x8 ./startup/startup_lpc55s69_cm33_core0.o
                0x0000000000003c24                GINT1_IRQHandler
 .text.PIN_INT0_IRQHandler
                0x0000000000003c2c        0x8 ./startup/startup_lpc55s69_cm33_core0.o
                0x0000000000003c2c                PIN_INT0_IRQHandler
 .text.PIN_INT1_IRQHandler
                0x0000000000003c34        0x8 ./startup/startup_lpc55s69_cm33_core0.o
                0x0000000000003c34                PIN_INT1_IRQHandler
 .text.PIN_INT2_IRQHandler
                0x0000000000003c3c        0x8 ./startup/startup_lpc55s69_cm33_core0.o
                0x0000000000003c3c                PIN_INT2_IRQHandler
 .text.PIN_INT3_IRQHandler
                0x0000000000003c44        0x8 ./startup/startup_lpc55s69_cm33_core0.o
                0x0000000000003c44                PIN_INT3_IRQHandler
 .text.UTICK0_IRQHandler
                0x0000000000003c4c        0x8 ./startup/startup_lpc55s69_cm33_core0.o
                0x0000000000003c4c                UTICK0_IRQHandler
 .text.MRT0_IRQHandler
                0x0000000000003c54        0x8 ./startup/startup_lpc55s69_cm33_core0.o
                0x0000000000003c54                MRT0_IRQHandler
 .text.CTIMER0_IRQHandler
                0x0000000000003c5c        0x8 ./startup/startup_lpc55s69_cm33_core0.o
                0x0000000000003c5c                CTIMER0_IRQHandler
 .text.CTIMER1_IRQHandler
                0x0000000000003c64        0x8 ./startup/startup_lpc55s69_cm33_core0.o
                0x0000000000003c64                CTIMER1_IRQHandler
 .text.SCT0_IRQHandler
                0x0000000000003c6c        0x8 ./startup/startup_lpc55s69_cm33_core0.o
                0x0000000000003c6c                SCT0_IRQHandler
 .text.CTIMER3_IRQHandler
                0x0000000000003c74        0x8 ./startup/startup_lpc55s69_cm33_core0.o
                0x0000000000003c74                CTIMER3_IRQHandler
 .text.FLEXCOMM1_IRQHandler
                0x0000000000003c7c        0x8 ./startup/startup_lpc55s69_cm33_core0.o
                0x0000000000003c7c                FLEXCOMM1_IRQHandler
 .text.FLEXCOMM2_IRQHandler
                0x0000000000003c84        0x8 ./startup/startup_lpc55s69_cm33_core0.o
                0x0000000000003c84                FLEXCOMM2_IRQHandler
 .text.FLEXCOMM3_IRQHandler
                0x0000000000003c8c        0x8 ./startup/startup_lpc55s69_cm33_core0.o
                0x0000000000003c8c                FLEXCOMM3_IRQHandler
 .text.FLEXCOMM4_IRQHandler
                0x0000000000003c94        0x8 ./startup/startup_lpc55s69_cm33_core0.o
                0x0000000000003c94                FLEXCOMM4_IRQHandler
 .text.FLEXCOMM5_IRQHandler
                0x0000000000003c9c        0x8 ./startup/startup_lpc55s69_cm33_core0.o
                0x0000000000003c9c                FLEXCOMM5_IRQHandler
 .text.FLEXCOMM6_IRQHandler
                0x0000000000003ca4        0x8 ./startup/startup_lpc55s69_cm33_core0.o
                0x0000000000003ca4                FLEXCOMM6_IRQHandler
 .text.FLEXCOMM7_IRQHandler
                0x0000000000003cac        0x8 ./startup/startup_lpc55s69_cm33_core0.o
                0x0000000000003cac                FLEXCOMM7_IRQHandler
 .text.ADC0_IRQHandler
                0x0000000000003cb4        0x8 ./startup/startup_lpc55s69_cm33_core0.o
                0x0000000000003cb4                ADC0_IRQHandler
 .text.Reserved39_IRQHandler
                0x0000000000003cbc        0x8 ./startup/startup_lpc55s69_cm33_core0.o
                0x0000000000003cbc                Reserved39_IRQHandler
 .text.ACMP_IRQHandler
                0x0000000000003cc4        0x8 ./startup/startup_lpc55s69_cm33_core0.o
                0x0000000000003cc4                ACMP_IRQHandler
 .text.Reserved41_IRQHandler
                0x0000000000003ccc        0x8 ./startup/startup_lpc55s69_cm33_core0.o
                0x0000000000003ccc                Reserved41_IRQHandler
 .text.Reserved42_IRQHandler
                0x0000000000003cd4        0x8 ./startup/startup_lpc55s69_cm33_core0.o
                0x0000000000003cd4                Reserved42_IRQHandler
 .text.USB0_NEEDCLK_IRQHandler
                0x0000000000003cdc        0x8 ./startup/startup_lpc55s69_cm33_core0.o
                0x0000000000003cdc                USB0_NEEDCLK_IRQHandler
 .text.USB0_IRQHandler
                0x0000000000003ce4        0x8 ./startup/startup_lpc55s69_cm33_core0.o
                0x0000000000003ce4                USB0_IRQHandler
 .text.RTC_IRQHandler
                0x0000000000003cec        0x8 ./startup/startup_lpc55s69_cm33_core0.o
                0x0000000000003cec                RTC_IRQHandler
 .text.Reserved46_IRQHandler
                0x0000000000003cf4        0x8 ./startup/startup_lpc55s69_cm33_core0.o
                0x0000000000003cf4                Reserved46_IRQHandler
 .text.MAILBOX_IRQHandler
                0x0000000000003cfc        0x8 ./startup/startup_lpc55s69_cm33_core0.o
                0x0000000000003cfc                MAILBOX_IRQHandler
 .text.PIN_INT4_IRQHandler
                0x0000000000003d04        0x8 ./startup/startup_lpc55s69_cm33_core0.o
                0x0000000000003d04                PIN_INT4_IRQHandler
 .text.PIN_INT5_IRQHandler
                0x0000000000003d0c        0x8 ./startup/startup_lpc55s69_cm33_core0.o
                0x0000000000003d0c                PIN_INT5_IRQHandler
 .text.PIN_INT6_IRQHandler
                0x0000000000003d14        0x8 ./startup/startup_lpc55s69_cm33_core0.o
                0x0000000000003d14                PIN_INT6_IRQHandler
 .text.PIN_INT7_IRQHandler
                0x0000000000003d1c        0x8 ./startup/startup_lpc55s69_cm33_core0.o
                0x0000000000003d1c                PIN_INT7_IRQHandler
 .text.CTIMER2_IRQHandler
                0x0000000000003d24        0x8 ./startup/startup_lpc55s69_cm33_core0.o
                0x0000000000003d24                CTIMER2_IRQHandler
 .text.CTIMER4_IRQHandler
                0x0000000000003d2c        0x8 ./startup/startup_lpc55s69_cm33_core0.o
                0x0000000000003d2c                CTIMER4_IRQHandler
 .text.OS_EVENT_IRQHandler
                0x0000000000003d34        0x8 ./startup/startup_lpc55s69_cm33_core0.o
                0x0000000000003d34                OS_EVENT_IRQHandler
 .text.Reserved55_IRQHandler
                0x0000000000003d3c        0x8 ./startup/startup_lpc55s69_cm33_core0.o
                0x0000000000003d3c                Reserved55_IRQHandler
 .text.Reserved56_IRQHandler
                0x0000000000003d44        0x8 ./startup/startup_lpc55s69_cm33_core0.o
                0x0000000000003d44                Reserved56_IRQHandler
 .text.Reserved57_IRQHandler
                0x0000000000003d4c        0x8 ./startup/startup_lpc55s69_cm33_core0.o
                0x0000000000003d4c                Reserved57_IRQHandler
 .text.SDIO_IRQHandler
                0x0000000000003d54        0x8 ./startup/startup_lpc55s69_cm33_core0.o
                0x0000000000003d54                SDIO_IRQHandler
 .text.Reserved59_IRQHandler
                0x0000000000003d5c        0x8 ./startup/startup_lpc55s69_cm33_core0.o
                0x0000000000003d5c                Reserved59_IRQHandler
 .text.Reserved60_IRQHandler
                0x0000000000003d64        0x8 ./startup/startup_lpc55s69_cm33_core0.o
                0x0000000000003d64                Reserved60_IRQHandler
 .text.Reserved61_IRQHandler
                0x0000000000003d6c        0x8 ./startup/startup_lpc55s69_cm33_core0.o
                0x0000000000003d6c                Reserved61_IRQHandler
 .text.USB1_PHY_IRQHandler
                0x0000000000003d74        0x8 ./startup/startup_lpc55s69_cm33_core0.o
                0x0000000000003d74                USB1_PHY_IRQHandler
 .text.USB1_IRQHandler
                0x0000000000003d7c        0x8 ./startup/startup_lpc55s69_cm33_core0.o
                0x0000000000003d7c                USB1_IRQHandler
 .text.USB1_NEEDCLK_IRQHandler
                0x0000000000003d84        0x8 ./startup/startup_lpc55s69_cm33_core0.o
                0x0000000000003d84                USB1_NEEDCLK_IRQHandler
 .text.SEC_HYPERVISOR_CALL_IRQHandler
                0x0000000000003d8c        0x8 ./startup/startup_lpc55s69_cm33_core0.o
                0x0000000000003d8c                SEC_HYPERVISOR_CALL_IRQHandler
 .text.SEC_GPIO_INT0_IRQ0_IRQHandler
                0x0000000000003d94        0x8 ./startup/startup_lpc55s69_cm33_core0.o
                0x0000000000003d94                SEC_GPIO_INT0_IRQ0_IRQHandler
 .text.SEC_GPIO_INT0_IRQ1_IRQHandler
                0x0000000000003d9c        0x8 ./startup/startup_lpc55s69_cm33_core0.o
                0x0000000000003d9c                SEC_GPIO_INT0_IRQ1_IRQHandler
 .text.PLU_IRQHandler
                0x0000000000003da4        0x8 ./startup/startup_lpc55s69_cm33_core0.o
                0x0000000000003da4                PLU_IRQHandler
 .text.SEC_VIO_IRQHandler
                0x0000000000003dac        0x8 ./startup/startup_lpc55s69_cm33_core0.o
                0x0000000000003dac                SEC_VIO_IRQHandler
 .text.HASHCRYPT_IRQHandler
                0x0000000000003db4        0x8 ./startup/startup_lpc55s69_cm33_core0.o
                0x0000000000003db4                HASHCRYPT_IRQHandler
 .text.CASER_IRQHandler
                0x0000000000003dbc        0x8 ./startup/startup_lpc55s69_cm33_core0.o
                0x0000000000003dbc                CASER_IRQHandler
 .text.PUF_IRQHandler
                0x0000000000003dc4        0x8 ./startup/startup_lpc55s69_cm33_core0.o
                0x0000000000003dc4                PUF_IRQHandler
 .text.PQ_IRQHandler
                0x0000000000003dcc        0x8 ./startup/startup_lpc55s69_cm33_core0.o
                0x0000000000003dcc                PQ_IRQHandler
 .text.DMA1_IRQHandler
                0x0000000000003dd4        0x8 ./startup/startup_lpc55s69_cm33_core0.o
                0x0000000000003dd4                DMA1_IRQHandler
 .text.FLEXCOMM8_IRQHandler
                0x0000000000003ddc        0x8 ./startup/startup_lpc55s69_cm33_core0.o
                0x0000000000003ddc                FLEXCOMM8_IRQHandler
 .text.SVC_Handler
                0x0000000000003de4       0x24 ./startup/svc.o
                0x0000000000003de4                SVC_Handler
 .text.idle     0x0000000000003e08        0x6 ./source/main.o
                0x0000000000003e08                idle
 .text.os_alloc
                0x0000000000003e0e       0x18 ./source/oslib.o
                0x0000000000003e0e                os_alloc
 .text.os_free  0x0000000000003e26       0x16 ./source/oslib.o
                0x0000000000003e26                os_free
 .text.os_start
                0x0000000000003e3c       0x10 ./source/oslib.o
                0x0000000000003e3c                os_start
 .text.task_new
                0x0000000000003e4c       0x1e ./source/oslib.o
                0x0000000000003e4c                task_new
 .text.task_kill
                0x0000000000003e6a       0x10 ./source/oslib.o
                0x0000000000003e6a                task_kill
 .text.sem_new  0x0000000000003e7a       0x1c ./source/oslib.o
                0x0000000000003e7a                sem_new
 .text.sem_p    0x0000000000003e96       0x16 ./source/oslib.o
                0x0000000000003e96                sem_p
 .text.sem_v    0x0000000000003eac       0x16 ./source/oslib.o
                0x0000000000003eac                sem_v
 .text.HardFault_Handler
                0x0000000000003ec2       0x2c ./source/semihost_hardfault.o
                0x0000000000003ec2                HardFault_Handler
 .text.sys_add  0x0000000000003eee       0x1c ./kernel/kernel.o
                0x0000000000003eee                sys_add
 .text.sys_sem_new
                0x0000000000003f0a       0x28 ./kernel/kernel.o
                0x0000000000003f0a                sys_sem_new
 .text.list_insert_head
                0x0000000000003f32       0x48 ./kernel/list.o
                0x0000000000003f32                list_insert_head
 .text.list_remove_head
                0x0000000000003f7a       0x58 ./kernel/list.o
                0x0000000000003f7a                list_remove_head
 .text.list_insert_tail
                0x0000000000003fd2       0x4a ./kernel/list.o
                0x0000000000003fd2                list_insert_tail
 .text.list_size
                0x000000000000401c       0x40 ./kernel/list.o
                0x000000000000401c                list_size
 .text.CLOCK_IsPLL0Locked
                0x000000000000405c       0x24 ./drivers/fsl_clock.o
 .text.CLOCK_GetFlexCommClkFreq
                0x0000000000004080       0x4c ./drivers/fsl_clock.o
                0x0000000000004080                CLOCK_GetFlexCommClkFreq
 .text.findPll0PreDiv
                0x00000000000040cc       0x3e ./drivers/fsl_clock.o
 .text.DelayLoop
                0x000000000000410a       0x20 ./drivers/fsl_common.o
 .text.CLOCK_EnableClock
                0x000000000000412a       0x30 ./drivers/fsl_flexcomm.o
 .text.FLEXCOMM_PeripheralIsPresent
                0x000000000000415a       0x64 ./drivers/fsl_flexcomm.o
 .text.FLEXCOMM_SetPeriph
                0x00000000000041be       0x74 ./drivers/fsl_flexcomm.o
 .text.CLOCK_EnableClock
                0x0000000000004232       0x30 ./drivers/fsl_gpio.o
 .text.GPIO_PinInit
                0x0000000000004262       0xa4 ./drivers/fsl_gpio.o
                0x0000000000004262                GPIO_PinInit
 .text.CLOCK_EnableClock
                0x0000000000004306       0x30 ./drivers/fsl_inputmux.o
 .text.CLOCK_DisableClock
                0x0000000000004336       0x30 ./drivers/fsl_inputmux.o
 .text.INPUTMUX_Init
                0x0000000000004366       0x16 ./drivers/fsl_inputmux.o
                0x0000000000004366                INPUTMUX_Init
 .text.INPUTMUX_AttachSignal
                0x000000000000437c       0x38 ./drivers/fsl_inputmux.o
                0x000000000000437c                INPUTMUX_AttachSignal
 .text.INPUTMUX_Deinit
                0x00000000000043b4       0x16 ./drivers/fsl_inputmux.o
                0x00000000000043b4                INPUTMUX_Deinit
 .text.CLOCK_EnableClock
                0x00000000000043ca       0x30 ./drivers/fsl_pint.o
 .text.EnableIRQ
                0x00000000000043fa       0x32 ./drivers/fsl_pint.o
 .text.PINT_PinInterruptClrFallFlag
                0x000000000000442c       0x22 ./drivers/fsl_pint.o
 .text.PINT_PinInterruptClrRiseFlag
                0x000000000000444e       0x22 ./drivers/fsl_pint.o
 .text.PINT_PatternMatchResetDetectLogic
                0x0000000000004470       0x34 ./drivers/fsl_pint.o
                0x0000000000004470                PINT_PatternMatchResetDetectLogic
 .text.PINT_PinInterruptClrStatus
                0x00000000000044a4       0x4e ./drivers/fsl_pint.o
                0x00000000000044a4                PINT_PinInterruptClrStatus
 .text.RESET_PeripheralReset
                0x00000000000044f2       0x1c ./drivers/fsl_reset.o
                0x00000000000044f2                RESET_PeripheralReset
 .text.USART_EnableContinuousSCLK
                0x000000000000450e       0x38 ./drivers/fsl_usart.o
 .text.SystemInitHook
                0x0000000000004546        0xe ./device/system_LPC55S69_cm33_core0.o
                0x0000000000004546                SystemInitHook
 .text.EnableIRQ
                0x0000000000004554       0x32 ./device/target.o
 .text.GPIO_PinWrite
                0x0000000000004586       0x2a ./device/target.o
 .text.USART_EnableInterrupts
                0x00000000000045b0       0x22 ./device/target.o
 .text.USART_DisableInterrupts
                0x00000000000045d2       0x22 ./device/target.o
 .text.USART_GetEnabledInterrupts
                0x00000000000045f4       0x1a ./device/target.o
 .text.USART_ReadByte
                0x000000000000460e       0x1c ./device/target.o
 .text.dev_init_test
                0x000000000000462a       0x2a ./device/target.o
 .text.dev_open_test
                0x0000000000004654       0x50 ./device/target.o
 .text.dev_close_test
                0x00000000000046a4       0x34 ./device/target.o
 .text.dev_open_leds
                0x00000000000046d8       0x6e ./device/target.o
 .text.dev_close_leds
                0x0000000000004746       0x34 ./device/target.o
 .text.dev_write_leds
                0x000000000000477a       0x38 ./device/target.o
 .text.dev_open_btn
                0x00000000000047b2       0x6e ./device/target.o
 .text.dev_close_btn
                0x0000000000004820       0x34 ./device/target.o
 .text.dev_read_btn
                0x0000000000004854       0x28 ./device/target.o
 .text.dev_open_serial
                0x000000000000487c       0x6e ./device/target.o
 .text.dev_close_serial
                0x00000000000048ea       0x34 ./device/target.o
 .text.strdup   0x000000000000491e       0x3a ./device/vfs.o
                0x000000000000491e                strdup
 .text.basename
                0x0000000000004958       0x46 ./device/vfs.o
                0x0000000000004958                basename
 .text.DbgConsole_Init
                0x000000000000499e       0x20 ./board/board.o
 .text.BOARD_InitBootClocks
                0x00000000000049be        0xc ./board/clock_config.o
                0x00000000000049be                BOARD_InitBootClocks
 .text.BOARD_InitPeripherals
                0x00000000000049ca        0xe ./board/peripherals.o
                0x00000000000049ca                BOARD_InitPeripherals
 .text.BOARD_InitBootPeripherals
                0x00000000000049d8        0xc ./board/peripherals.o
                0x00000000000049d8                BOARD_InitBootPeripherals
 .text.Chip_GetVersion
                0x00000000000049e4       0x36 ./board/pin_mux.o
 .text.CLOCK_EnableClock
                0x0000000000004a1a       0x30 ./board/pin_mux.o
 .text.IOCON_PinMuxSet
                0x0000000000004a4a       0x2e ./board/pin_mux.o
 .text.BOARD_InitBootPins
                0x0000000000004a78        0xc ./board/pin_mux.o
                0x0000000000004a78                BOARD_InitBootPins
 .text.memcmp   0x0000000000004a84       0x20 /opt/mcuxpresso-ide/ide/plugins/com.nxp.mcuxpresso.tools.linux_11.5.0.202107051138/tools/bin/../lib/gcc/arm-none-eabi/10.3.1/../../../../arm-none-eabi/lib/thumb/v8-m.main+fp/hard/libc_nano.a(lib_a-memcmp.o)
                0x0000000000004a84                memcmp
 .text.memcpy   0x0000000000004aa4       0x1a /opt/mcuxpresso-ide/ide/plugins/com.nxp.mcuxpresso.tools.linux_11.5.0.202107051138/tools/bin/../lib/gcc/arm-none-eabi/10.3.1/../../../../arm-none-eabi/lib/thumb/v8-m.main+fp/hard/libc_nano.a(lib_a-memcpy-stub.o)
                0x0000000000004aa4                memcpy
 .text.memset   0x0000000000004abe       0x10 /opt/mcuxpresso-ide/ide/plugins/com.nxp.mcuxpresso.tools.linux_11.5.0.202107051138/tools/bin/../lib/gcc/arm-none-eabi/10.3.1/../../../../arm-none-eabi/lib/thumb/v8-m.main+fp/hard/libc_nano.a(lib_a-memset.o)
                0x0000000000004abe                memset
 .text.__sfputc_r
                0x0000000000004ace       0x2e /opt/mcuxpresso-ide/ide/plugins/com.nxp.mcuxpresso.tools.linux_11.5.0.202107051138/tools/bin/../lib/gcc/arm-none-eabi/10.3.1/../../../../arm-none-eabi/lib/thumb/v8-m.main+fp/hard/libc_nano.a(lib_a-nano-vfprintf.o)
 .text.__sfputs_r
                0x0000000000004afc       0x24 /opt/mcuxpresso-ide/ide/plugins/com.nxp.mcuxpresso.tools.linux_11.5.0.202107051138/tools/bin/../lib/gcc/arm-none-eabi/10.3.1/../../../../arm-none-eabi/lib/thumb/v8-m.main+fp/hard/libc_nano.a(lib_a-nano-vfprintf.o)
                0x0000000000004afc                __sfputs_r
 .text._printf_common
                0x0000000000004b20       0xe0 /opt/mcuxpresso-ide/ide/plugins/com.nxp.mcuxpresso.tools.linux_11.5.0.202107051138/tools/bin/../lib/gcc/arm-none-eabi/10.3.1/../../../../arm-none-eabi/lib/thumb/v8-m.main+fp/hard/libc_nano.a(lib_a-nano-vfprintf_i.o)
                0x0000000000004b20                _printf_common
 .text          0x0000000000004c00       0x14 /opt/mcuxpresso-ide/ide/plugins/com.nxp.mcuxpresso.tools.linux_11.5.0.202107051138/tools/bin/../lib/gcc/arm-none-eabi/10.3.1/../../../../arm-none-eabi/lib/thumb/v8-m.main+fp/hard/libc_nano.a(lib_a-strcmp.o)
                0x0000000000004c00                strcmp
 .text.strcpy   0x0000000000004c14       0x10 /opt/mcuxpresso-ide/ide/plugins/com.nxp.mcuxpresso.tools.linux_11.5.0.202107051138/tools/bin/../lib/gcc/arm-none-eabi/10.3.1/../../../../arm-none-eabi/lib/thumb/v8-m.main+fp/hard/libc_nano.a(lib_a-strcpy.o)
                0x0000000000004c14                strcpy
 .text          0x0000000000004c24       0x10 /opt/mcuxpresso-ide/ide/plugins/com.nxp.mcuxpresso.tools.linux_11.5.0.202107051138/tools/bin/../lib/gcc/arm-none-eabi/10.3.1/../../../../arm-none-eabi/lib/thumb/v8-m.main+fp/hard/libc_nano.a(lib_a-strlen.o)
                0x0000000000004c24                strlen
 .text.abort    0x0000000000004c34        0xe /opt/mcuxpresso-ide/ide/plugins/com.nxp.mcuxpresso.tools.linux_11.5.0.202107051138/tools/bin/../lib/gcc/arm-none-eabi/10.3.1/../../../../arm-none-eabi/lib/thumb/v8-m.main+fp/hard/libc_nano.a(lib_a-abort.o)
                0x0000000000004c34                abort
 .text.__sfmoreglue
                0x0000000000004c42       0x2c /opt/mcuxpresso-ide/ide/plugins/com.nxp.mcuxpresso.tools.linux_11.5.0.202107051138/tools/bin/../lib/gcc/arm-none-eabi/10.3.1/../../../../arm-none-eabi/lib/thumb/v8-m.main+fp/hard/libc_nano.a(lib_a-findfp.o)
                0x0000000000004c42                __sfmoreglue
 .text._fwalk_reent
                0x0000000000004c6e       0x3e /opt/mcuxpresso-ide/ide/plugins/com.nxp.mcuxpresso.tools.linux_11.5.0.202107051138/tools/bin/../lib/gcc/arm-none-eabi/10.3.1/../../../../arm-none-eabi/lib/thumb/v8-m.main+fp/hard/libc_nano.a(lib_a-fwalk.o)
                0x0000000000004c6e                _fwalk_reent
 .text.__retarget_lock_init_recursive
                0x0000000000004cac        0x2 /opt/mcuxpresso-ide/ide/plugins/com.nxp.mcuxpresso.tools.linux_11.5.0.202107051138/tools/bin/../lib/gcc/arm-none-eabi/10.3.1/../../../../arm-none-eabi/lib/thumb/v8-m.main+fp/hard/libc_nano.a(lib_a-lock.o)
                0x0000000000004cac                __retarget_lock_init_recursive
 .text.__retarget_lock_acquire_recursive
                0x0000000000004cae        0x2 /opt/mcuxpresso-ide/ide/plugins/com.nxp.mcuxpresso.tools.linux_11.5.0.202107051138/tools/bin/../lib/gcc/arm-none-eabi/10.3.1/../../../../arm-none-eabi/lib/thumb/v8-m.main+fp/hard/libc_nano.a(lib_a-lock.o)
                0x0000000000004cae                __retarget_lock_acquire_recursive
 .text.__retarget_lock_release_recursive
                0x0000000000004cb0        0x2 /opt/mcuxpresso-ide/ide/plugins/com.nxp.mcuxpresso.tools.linux_11.5.0.202107051138/tools/bin/../lib/gcc/arm-none-eabi/10.3.1/../../../../arm-none-eabi/lib/thumb/v8-m.main+fp/hard/libc_nano.a(lib_a-lock.o)
                0x0000000000004cb0                __retarget_lock_release_recursive
 .text.__swhatbuf_r
                0x0000000000004cb2       0x4a /opt/mcuxpresso-ide/ide/plugins/com.nxp.mcuxpresso.tools.linux_11.5.0.202107051138/tools/bin/../lib/gcc/arm-none-eabi/10.3.1/../../../../arm-none-eabi/lib/thumb/v8-m.main+fp/hard/libc_nano.a(lib_a-makebuf.o)
                0x0000000000004cb2                __swhatbuf_r
 .text.memchr   0x0000000000004cfc       0x1c /opt/mcuxpresso-ide/ide/plugins/com.nxp.mcuxpresso.tools.linux_11.5.0.202107051138/tools/bin/../lib/gcc/arm-none-eabi/10.3.1/../../../../arm-none-eabi/lib/thumb/v8-m.main+fp/hard/libc_nano.a(lib_a-memchr-stub.o)
                0x0000000000004cfc                memchr
 .text._raise_r
                0x0000000000004d18       0x50 /opt/mcuxpresso-ide/ide/plugins/com.nxp.mcuxpresso.tools.linux_11.5.0.202107051138/tools/bin/../lib/gcc/arm-none-eabi/10.3.1/../../../../arm-none-eabi/lib/thumb/v8-m.main+fp/hard/libc_nano.a(lib_a-signal.o)
                0x0000000000004d18                _raise_r
 .text._getpid_r
                0x0000000000004d68        0x4 /opt/mcuxpresso-ide/ide/plugins/com.nxp.mcuxpresso.tools.linux_11.5.0.202107051138/tools/bin/../lib/gcc/arm-none-eabi/10.3.1/../../../../arm-none-eabi/lib/thumb/v8-m.main+fp/hard/libc_nano.a(lib_a-signalr.o)
                0x0000000000004d68                _getpid_r
 .text.__sread  0x0000000000004d6c       0x22 /opt/mcuxpresso-ide/ide/plugins/com.nxp.mcuxpresso.tools.linux_11.5.0.202107051138/tools/bin/../lib/gcc/arm-none-eabi/10.3.1/../../../../arm-none-eabi/lib/thumb/v8-m.main+fp/hard/libc_nano.a(lib_a-stdio.o)
                0x0000000000004d6c                __sread
 .text.__swrite
                0x0000000000004d8e       0x38 /opt/mcuxpresso-ide/ide/plugins/com.nxp.mcuxpresso.tools.linux_11.5.0.202107051138/tools/bin/../lib/gcc/arm-none-eabi/10.3.1/../../../../arm-none-eabi/lib/thumb/v8-m.main+fp/hard/libc_nano.a(lib_a-stdio.o)
                0x0000000000004d8e                __swrite
 .text.__sseek  0x0000000000004dc6       0x24 /opt/mcuxpresso-ide/ide/plugins/com.nxp.mcuxpresso.tools.linux_11.5.0.202107051138/tools/bin/../lib/gcc/arm-none-eabi/10.3.1/../../../../arm-none-eabi/lib/thumb/v8-m.main+fp/hard/libc_nano.a(lib_a-stdio.o)
                0x0000000000004dc6                __sseek
 .text.__sclose
                0x0000000000004dea        0x8 /opt/mcuxpresso-ide/ide/plugins/com.nxp.mcuxpresso.tools.linux_11.5.0.202107051138/tools/bin/../lib/gcc/arm-none-eabi/10.3.1/../../../../arm-none-eabi/lib/thumb/v8-m.main+fp/hard/libc_nano.a(lib_a-stdio.o)
                0x0000000000004dea                __sclose
 .text._exit    0x0000000000004df2        0x8 /opt/mcuxpresso-ide/ide/plugins/com.nxp.mcuxpresso.tools.linux_11.5.0.202107051138/tools/bin/../lib/gcc/arm-none-eabi/10.3.1/../../../../arm-none-eabi/lib/thumb/v8-m.main+fp/hard/libcr_newlib_semihost.a(_exit.o)
                0x0000000000004df2                _exit
 .text.error    0x0000000000004dfa       0x1c /opt/mcuxpresso-ide/ide/plugins/com.nxp.mcuxpresso.tools.linux_11.5.0.202107051138/tools/bin/../lib/gcc/arm-none-eabi/10.3.1/../../../../arm-none-eabi/lib/thumb/v8-m.main+fp/hard/libcr_newlib_semihost.a(syscalls.o)
 .text.checkerror
                0x0000000000004e16        0xa /opt/mcuxpresso-ide/ide/plugins/com.nxp.mcuxpresso.tools.linux_11.5.0.202107051138/tools/bin/../lib/gcc/arm-none-eabi/10.3.1/../../../../arm-none-eabi/lib/thumb/v8-m.main+fp/hard/libcr_newlib_semihost.a(syscalls.o)
 .text._swiread
                0x0000000000004e20       0x20 /opt/mcuxpresso-ide/ide/plugins/com.nxp.mcuxpresso.tools.linux_11.5.0.202107051138/tools/bin/../lib/gcc/arm-none-eabi/10.3.1/../../../../arm-none-eabi/lib/thumb/v8-m.main+fp/hard/libcr_newlib_semihost.a(syscalls.o)
                0x0000000000004e20                _swiread
 .text._read    0x0000000000004e40       0x36 /opt/mcuxpresso-ide/ide/plugins/com.nxp.mcuxpresso.tools.linux_11.5.0.202107051138/tools/bin/../lib/gcc/arm-none-eabi/10.3.1/../../../../arm-none-eabi/lib/thumb/v8-m.main+fp/hard/libcr_newlib_semihost.a(syscalls.o)
                0x0000000000004e40                _read
 .text._swilseek
                0x0000000000004e76       0x78 /opt/mcuxpresso-ide/ide/plugins/com.nxp.mcuxpresso.tools.linux_11.5.0.202107051138/tools/bin/../lib/gcc/arm-none-eabi/10.3.1/../../../../arm-none-eabi/lib/thumb/v8-m.main+fp/hard/libcr_newlib_semihost.a(syscalls.o)
                0x0000000000004e76                _swilseek
 .text._lseek   0x0000000000004eee        0x4 /opt/mcuxpresso-ide/ide/plugins/com.nxp.mcuxpresso.tools.linux_11.5.0.202107051138/tools/bin/../lib/gcc/arm-none-eabi/10.3.1/../../../../arm-none-eabi/lib/thumb/v8-m.main+fp/hard/libcr_newlib_semihost.a(syscalls.o)
                0x0000000000004eee                _lseek
 .text._swiwrite
                0x0000000000004ef2       0x20 /opt/mcuxpresso-ide/ide/plugins/com.nxp.mcuxpresso.tools.linux_11.5.0.202107051138/tools/bin/../lib/gcc/arm-none-eabi/10.3.1/../../../../arm-none-eabi/lib/thumb/v8-m.main+fp/hard/libcr_newlib_semihost.a(syscalls.o)
                0x0000000000004ef2                _swiwrite
 .text._write   0x0000000000004f12       0x44 /opt/mcuxpresso-ide/ide/plugins/com.nxp.mcuxpresso.tools.linux_11.5.0.202107051138/tools/bin/../lib/gcc/arm-none-eabi/10.3.1/../../../../arm-none-eabi/lib/thumb/v8-m.main+fp/hard/libcr_newlib_semihost.a(syscalls.o)
                0x0000000000004f12                _write
 .text._swiclose
                0x0000000000004f56       0x1a /opt/mcuxpresso-ide/ide/plugins/com.nxp.mcuxpresso.tools.linux_11.5.0.202107051138/tools/bin/../lib/gcc/arm-none-eabi/10.3.1/../../../../arm-none-eabi/lib/thumb/v8-m.main+fp/hard/libcr_newlib_semihost.a(syscalls.o)
                0x0000000000004f56                _swiclose
 .text._getpid  0x0000000000004f70        0x4 /opt/mcuxpresso-ide/ide/plugins/com.nxp.mcuxpresso.tools.linux_11.5.0.202107051138/tools/bin/../lib/gcc/arm-none-eabi/10.3.1/../../../../arm-none-eabi/lib/thumb/v8-m.main+fp/hard/libcr_newlib_semihost.a(syscalls.o)
                0x0000000000004f70                _getpid
 .text._swistat
                0x0000000000004f74       0x42 /opt/mcuxpresso-ide/ide/plugins/com.nxp.mcuxpresso.tools.linux_11.5.0.202107051138/tools/bin/../lib/gcc/arm-none-eabi/10.3.1/../../../../arm-none-eabi/lib/thumb/v8-m.main+fp/hard/libcr_newlib_semihost.a(syscalls.o)
                0x0000000000004f74                _swistat
 .text._fstat   0x0000000000004fb6       0x1c /opt/mcuxpresso-ide/ide/plugins/com.nxp.mcuxpresso.tools.linux_11.5.0.202107051138/tools/bin/../lib/gcc/arm-none-eabi/10.3.1/../../../../arm-none-eabi/lib/thumb/v8-m.main+fp/hard/libcr_newlib_semihost.a(syscalls.o)
                0x0000000000004fb6                _fstat
 .text._isatty  0x0000000000004fd2       0x2a /opt/mcuxpresso-ide/ide/plugins/com.nxp.mcuxpresso.tools.linux_11.5.0.202107051138/tools/bin/../lib/gcc/arm-none-eabi/10.3.1/../../../../arm-none-eabi/lib/thumb/v8-m.main+fp/hard/libcr_newlib_semihost.a(syscalls.o)
                0x0000000000004fd2                _isatty
 *(SORT_BY_ALIGNMENT(.rodata) SORT_BY_ALIGNMENT(.rodata.*) SORT_BY_ALIGNMENT(.constdata) SORT_BY_ALIGNMENT(.constdata.*))
 .rodata.tache1.str1.4
                0x0000000000004ffc       0x18 ./source/main.o
 .rodata.CLOCK_GetClockOutClkFreq.str1.4
                0x0000000000005014       0x14 ./drivers/fsl_clock.o
 .rodata.__func__.2
                0x0000000000005028       0x1c ./drivers/fsl_clock.o
 .rodata.SDK_DelayAtLeastUs.str1.4
                0x0000000000005044       0x38 ./drivers/fsl_common.o
 .rodata.__func__.0
                0x000000000000507c       0x13 ./drivers/fsl_common.o
 *fill*         0x000000000000508f        0x1 ff
 .rodata.s_flexcommBaseAddrs
                0x0000000000005090       0x24 ./drivers/fsl_flexcomm.o
 .rodata.s_flexcommClocks
                0x00000000000050b4       0x12 ./drivers/fsl_flexcomm.o
 *fill*         0x00000000000050c6        0x2 ff
 .rodata.s_flexcommResets
                0x00000000000050c8       0x24 ./drivers/fsl_flexcomm.o
 .rodata.FLEXCOMM_GetInstance.str1.4
                0x00000000000050ec       0x3f ./drivers/fsl_flexcomm.o
 *fill*         0x000000000000512b        0x1 ff
 .rodata.FLEXCOMM1_DriverIRQHandler.str1.4
                0x000000000000512c       0x18 ./drivers/fsl_flexcomm.o
 .rodata.FLEXCOMM2_DriverIRQHandler.str1.4
                0x0000000000005144       0x18 ./drivers/fsl_flexcomm.o
 .rodata.FLEXCOMM3_DriverIRQHandler.str1.4
                0x000000000000515c       0x18 ./drivers/fsl_flexcomm.o
 .rodata.FLEXCOMM4_DriverIRQHandler.str1.4
                0x0000000000005174       0x18 ./drivers/fsl_flexcomm.o
 .rodata.FLEXCOMM5_DriverIRQHandler.str1.4
                0x000000000000518c       0x18 ./drivers/fsl_flexcomm.o
 .rodata.FLEXCOMM6_DriverIRQHandler.str1.4
                0x00000000000051a4       0x18 ./drivers/fsl_flexcomm.o
 .rodata.FLEXCOMM7_DriverIRQHandler.str1.4
                0x00000000000051bc       0x18 ./drivers/fsl_flexcomm.o
 .rodata.FLEXCOMM8_DriverIRQHandler.str1.4
                0x00000000000051d4       0x18 ./drivers/fsl_flexcomm.o
 .rodata.__func__.9
                0x00000000000051ec       0x15 ./drivers/fsl_flexcomm.o
 *fill*         0x0000000000005201        0x3 ff
 .rodata.__func__.7
                0x0000000000005204       0x1b ./drivers/fsl_flexcomm.o
 *fill*         0x000000000000521f        0x1 ff
 .rodata.__func__.6
                0x0000000000005220       0x1b ./drivers/fsl_flexcomm.o
 *fill*         0x000000000000523b        0x1 ff
 .rodata.__func__.5
                0x000000000000523c       0x1b ./drivers/fsl_flexcomm.o
 *fill*         0x0000000000005257        0x1 ff
 .rodata.__func__.4
                0x0000000000005258       0x1b ./drivers/fsl_flexcomm.o
 *fill*         0x0000000000005273        0x1 ff
 .rodata.__func__.3
                0x0000000000005274       0x1b ./drivers/fsl_flexcomm.o
 *fill*         0x000000000000528f        0x1 ff
 .rodata.__func__.2
                0x0000000000005290       0x1b ./drivers/fsl_flexcomm.o
 *fill*         0x00000000000052ab        0x1 ff
 .rodata.__func__.1
                0x00000000000052ac       0x1b ./drivers/fsl_flexcomm.o
 *fill*         0x00000000000052c7        0x1 ff
 .rodata.__func__.0
                0x00000000000052c8       0x1b ./drivers/fsl_flexcomm.o
 *fill*         0x00000000000052e3        0x1 ff
 .rodata.s_gpioClockName
                0x00000000000052e4        0x8 ./drivers/fsl_gpio.o
 .rodata.s_gpioResets
                0x00000000000052ec       0x18 ./drivers/fsl_gpio.o
 .rodata.GPIO_EnablePortClock.str1.4
                0x0000000000005304       0x2f ./drivers/fsl_gpio.o
 *fill*         0x0000000000005333        0x1 ff
 .rodata.__func__.0
                0x0000000000005334       0x15 ./drivers/fsl_gpio.o
 *fill*         0x0000000000005349        0x3 ff
 .rodata.s_pintIRQ
                0x000000000000534c        0xa ./drivers/fsl_pint.o
 *fill*         0x0000000000005356        0x2 ff
 .rodata.PINT_Init.str1.4
                0x0000000000005358       0x1b ./drivers/fsl_pint.o
 *fill*         0x0000000000005373        0x1 ff
 .rodata.__func__.9
                0x0000000000005374        0xa ./drivers/fsl_pint.o
 *fill*         0x000000000000537e        0x2 ff
 .rodata.__func__.8
                0x0000000000005380       0x18 ./drivers/fsl_pint.o
 .rodata.__func__.3
                0x0000000000005398       0x1b ./drivers/fsl_pint.o
 *fill*         0x00000000000053b3        0x1 ff
 .rodata.RESET_SetPeripheralReset.str1.4
                0x00000000000053b4       0x1c ./drivers/fsl_reset.o
 .rodata.__func__.1
                0x00000000000053d0       0x19 ./drivers/fsl_reset.o
 *fill*         0x00000000000053e9        0x3 ff
 .rodata.__func__.0
                0x00000000000053ec       0x1b ./drivers/fsl_reset.o
 *fill*         0x0000000000005407        0x1 ff
 .rodata.USART_GetInstance.str1.4
                0x0000000000005408       0x38 ./drivers/fsl_usart.o
 .rodata.USART_Init.str1.4
                0x0000000000005440       0x3d ./drivers/fsl_usart.o
 *fill*         0x000000000000547d        0x3 ff
 .rodata.USART_GetDefaultConfig.str1.4
                0x0000000000005480        0xf ./drivers/fsl_usart.o
 *fill*         0x000000000000548f        0x1 ff
 .rodata.USART_SetBaudRate.str1.4
                0x0000000000005490       0x41 ./drivers/fsl_usart.o
 *fill*         0x00000000000054d1        0x3 ff
 .rodata.USART_WriteBlocking.str1.4
                0x00000000000054d4       0x24 ./drivers/fsl_usart.o
 .rodata.__func__.15
                0x00000000000054f8        0xb ./drivers/fsl_usart.o
 *fill*         0x0000000000005503        0x1 ff
 .rodata.__func__.13
                0x0000000000005504       0x17 ./drivers/fsl_usart.o
 *fill*         0x000000000000551b        0x1 ff
 .rodata.__func__.12
                0x000000000000551c       0x12 ./drivers/fsl_usart.o
 *fill*         0x000000000000552e        0x2 ff
 .rodata.__func__.9
                0x0000000000005530       0x14 ./drivers/fsl_usart.o
 .rodata.dev_read_test.str1.4
                0x0000000000005544       0x13 ./device/target.o
 *fill*         0x0000000000005557        0x1 ff
 .rodata        0x0000000000005558        0x2 ./device/target.o
 .rodata.dirname.str1.4
                0x000000000000555a       0x13 ./device/vfs.o
                                          0x2 (size before relaxing)
 *fill*         0x000000000000555a        0x2 ff
 .rodata.dev_lookup.str1.4
                0x000000000000555c        0x5 ./device/vfs.o
 *fill*         0x0000000000005561        0x3 ff
 .rodata.open.str1.4
                0x0000000000005564        0x6 ./device/vfs.o
 *fill*         0x000000000000556a        0x2 ff
 .rodata._global_impure_ptr
                0x000000000000556c        0x4 /opt/mcuxpresso-ide/ide/plugins/com.nxp.mcuxpresso.tools.linux_11.5.0.202107051138/tools/bin/../lib/gcc/arm-none-eabi/10.3.1/../../../../arm-none-eabi/lib/thumb/v8-m.main+fp/hard/libc_nano.a(lib_a-impure.o)
                0x000000000000556c                _global_impure_ptr
 .rodata.__sf_fake_stderr
                0x0000000000005570       0x20 /opt/mcuxpresso-ide/ide/plugins/com.nxp.mcuxpresso.tools.linux_11.5.0.202107051138/tools/bin/../lib/gcc/arm-none-eabi/10.3.1/../../../../arm-none-eabi/lib/thumb/v8-m.main+fp/hard/libc_nano.a(lib_a-findfp.o)
                0x0000000000005570                __sf_fake_stderr
 .rodata.__sf_fake_stdin
                0x0000000000005590       0x20 /opt/mcuxpresso-ide/ide/plugins/com.nxp.mcuxpresso.tools.linux_11.5.0.202107051138/tools/bin/../lib/gcc/arm-none-eabi/10.3.1/../../../../arm-none-eabi/lib/thumb/v8-m.main+fp/hard/libc_nano.a(lib_a-findfp.o)
                0x0000000000005590                __sf_fake_stdin
 .rodata.__sf_fake_stdout
                0x00000000000055b0       0x20 /opt/mcuxpresso-ide/ide/plugins/com.nxp.mcuxpresso.tools.linux_11.5.0.202107051138/tools/bin/../lib/gcc/arm-none-eabi/10.3.1/../../../../arm-none-eabi/lib/thumb/v8-m.main+fp/hard/libc_nano.a(lib_a-findfp.o)
                0x00000000000055b0                __sf_fake_stdout
 .rodata.__assert_func.str1.1
                0x00000000000055d0       0x3c /opt/mcuxpresso-ide/ide/plugins/com.nxp.mcuxpresso.tools.linux_11.5.0.202107051138/tools/bin/../lib/gcc/arm-none-eabi/10.3.1/../../../../arm-none-eabi/lib/thumb/v8-m.main+fp/hard/libc_nano.a(lib_a-assert.o)
                                         0x3d (size before relaxing)
 .rodata._vfprintf_r.str1.1
                0x000000000000560c       0x11 /opt/mcuxpresso-ide/ide/plugins/com.nxp.mcuxpresso.tools.linux_11.5.0.202107051138/tools/bin/../lib/gcc/arm-none-eabi/10.3.1/../../../../arm-none-eabi/lib/thumb/v8-m.main+fp/hard/libc_nano.a(lib_a-nano-vfprintf.o)
 .rodata._printf_i.str1.1
                0x000000000000561d       0x22 /opt/mcuxpresso-ide/ide/plugins/com.nxp.mcuxpresso.tools.linux_11.5.0.202107051138/tools/bin/../lib/gcc/arm-none-eabi/10.3.1/../../../../arm-none-eabi/lib/thumb/v8-m.main+fp/hard/libc_nano.a(lib_a-nano-vfprintf_i.o)
 .rodata.initialise_monitor_handles.part.0.str1.1
                0x000000000000563f        0x4 /opt/mcuxpresso-ide/ide/plugins/com.nxp.mcuxpresso.tools.linux_11.5.0.202107051138/tools/bin/../lib/gcc/arm-none-eabi/10.3.1/../../../../arm-none-eabi/lib/thumb/v8-m.main+fp/hard/libcr_newlib_semihost.a(syscalls.o)
                0x0000000000005644                . = ALIGN (0x4)
 *fill*         0x0000000000005643        0x1 ff

.glue_7         0x0000000000005644        0x0
 .glue_7        0x0000000000005644        0x0 linker stubs

.glue_7t        0x0000000000005644        0x0
 .glue_7t       0x0000000000005644        0x0 linker stubs

.vfp11_veneer   0x0000000000005644        0x0
 .vfp11_veneer  0x0000000000005644        0x0 linker stubs

.v4_bx          0x0000000000005644        0x0
 .v4_bx         0x0000000000005644        0x0 linker stubs

.iplt           0x0000000000005644        0x0
 .iplt          0x0000000000005644        0x0 ./startup/startup_lpc55s69_cm33_core0.o

.ARM.extab
 *(SORT_BY_ALIGNMENT(.ARM.extab*) SORT_BY_ALIGNMENT(.gnu.linkonce.armextab.*))

.ARM.exidx      0x0000000000005644        0x8
                0x0000000000005644                __exidx_start = .
 *(SORT_BY_ALIGNMENT(.ARM.exidx*) SORT_BY_ALIGNMENT(.gnu.linkonce.armexidx.*))
 .ARM.exidx     0x0000000000005644        0x8 /opt/mcuxpresso-ide/ide/plugins/com.nxp.mcuxpresso.tools.linux_11.5.0.202107051138/tools/bin/../lib/gcc/arm-none-eabi/10.3.1/thumb/v8-m.main+fp/hard/libgcc.a(_udivmoddi4.o)
                0x000000000000564c                __exidx_end = .
                0x000000000000564c                _etext = .

.rel.dyn        0x000000000000564c        0x0
 .rel.iplt      0x000000000000564c        0x0 ./startup/startup_lpc55s69_cm33_core0.o

.m_usb_data
 *(SORT_BY_ALIGNMENT(m_usb_global))

.data_RAM2      0x0000000020040000        0x0 load address 0x000000000000564c
 FILL mask 0xff
                [!provide]                        PROVIDE (__start_data_RAM2 = .)
                [!provide]                        PROVIDE (__start_data_SRAM4 = .)
 *(SORT_BY_ALIGNMENT(.ramfunc.$RAM2))
 *(SORT_BY_ALIGNMENT(.ramfunc.$SRAM4))
 *(SORT_BY_ALIGNMENT(.data.$RAM2))
 *(SORT_BY_ALIGNMENT(.data.$SRAM4))
 *(SORT_BY_ALIGNMENT(.data.$RAM2.*))
 *(SORT_BY_ALIGNMENT(.data.$SRAM4.*))
                0x0000000020040000                . = ALIGN (0x4)
                [!provide]                        PROVIDE (__end_data_RAM2 = .)
                [!provide]                        PROVIDE (__end_data_SRAM4 = .)

.data_RAM3      0x0000000004000000        0x0 load address 0x000000000000564c
 FILL mask 0xff
                [!provide]                        PROVIDE (__start_data_RAM3 = .)
                [!provide]                        PROVIDE (__start_data_SRAMX = .)
 *(SORT_BY_ALIGNMENT(.ramfunc.$RAM3))
 *(SORT_BY_ALIGNMENT(.ramfunc.$SRAMX))
 *(SORT_BY_ALIGNMENT(.data.$RAM3))
 *(SORT_BY_ALIGNMENT(.data.$SRAMX))
 *(SORT_BY_ALIGNMENT(.data.$RAM3.*))
 *(SORT_BY_ALIGNMENT(.data.$SRAMX.*))
                0x0000000004000000                . = ALIGN (0x4)
                [!provide]                        PROVIDE (__end_data_RAM3 = .)
                [!provide]                        PROVIDE (__end_data_SRAMX = .)

.data_RAM4      0x0000000040100000        0x0 load address 0x000000000000564c
 FILL mask 0xff
                [!provide]                        PROVIDE (__start_data_RAM4 = .)
                [!provide]                        PROVIDE (__start_data_USB_RAM = .)
 *(SORT_BY_ALIGNMENT(.ramfunc.$RAM4))
 *(SORT_BY_ALIGNMENT(.ramfunc.$USB_RAM))
 *(SORT_BY_ALIGNMENT(.data.$RAM4))
 *(SORT_BY_ALIGNMENT(.data.$USB_RAM))
 *(SORT_BY_ALIGNMENT(.data.$RAM4.*))
 *(SORT_BY_ALIGNMENT(.data.$USB_RAM.*))
                0x0000000040100000                . = ALIGN (0x4)
                [!provide]                        PROVIDE (__end_data_RAM4 = .)
                [!provide]                        PROVIDE (__end_data_USB_RAM = .)

.uninit_RESERVED
                0x0000000020000000        0x0
                0x0000000020000000                _start_uninit_RESERVED = .
 *(SORT_BY_ALIGNMENT(.bss.$RESERVED*))
                0x0000000020000000                . = ALIGN (0x4)
                0x0000000020000000                _end_uninit_RESERVED = .

.data           0x0000000020000000      0x150 load address 0x000000000000564c
 FILL mask 0xff
                0x0000000020000000                _data = .
                [!provide]                        PROVIDE (__start_data_RAM = .)
                [!provide]                        PROVIDE (__start_data_SRAM = .)
 *(SORT_BY_ALIGNMENT(vtable))
 *(SORT_BY_ALIGNMENT(.ramfunc*))
 *(SORT_BY_ALIGNMENT(CodeQuickAccess))
 *(SORT_BY_ALIGNMENT(DataQuickAccess))
 *(SORT_BY_ALIGNMENT(RamFunction))
 *(SORT_BY_ALIGNMENT(.data*))
 .data.id       0x0000000020000000        0x4 ./kernel/kernel.o
 .data.s_Ext_Clk_Freq
                0x0000000020000004        0x4 ./drivers/fsl_clock.o
 .data.SystemCoreClock
                0x0000000020000008        0x4 ./device/system_LPC55S69_cm33_core0.o
                0x0000000020000008                SystemCoreClock
 .data.dev_test
                0x000000002000000c       0x34 ./device/target.o
                0x000000002000000c                dev_test
 .data.dev_leds
                0x0000000020000040       0x34 ./device/target.o
                0x0000000020000040                dev_leds
 .data.dev_swuser
                0x0000000020000074       0x34 ./device/target.o
                0x0000000020000074                dev_swuser
 .data.dev_serial
                0x00000000200000a8       0x34 ./device/target.o
                0x00000000200000a8                dev_serial
 .data.device_table
                0x00000000200000dc       0x10 ./device/target.o
                0x00000000200000dc                device_table
 .data._impure_ptr
                0x00000000200000ec        0x4 /opt/mcuxpresso-ide/ide/plugins/com.nxp.mcuxpresso.tools.linux_11.5.0.202107051138/tools/bin/../lib/gcc/arm-none-eabi/10.3.1/../../../../arm-none-eabi/lib/thumb/v8-m.main+fp/hard/libc_nano.a(lib_a-impure.o)
                0x00000000200000ec                _impure_ptr
 .data.impure_data
                0x00000000200000f0       0x60 /opt/mcuxpresso-ide/ide/plugins/com.nxp.mcuxpresso.tools.linux_11.5.0.202107051138/tools/bin/../lib/gcc/arm-none-eabi/10.3.1/../../../../arm-none-eabi/lib/thumb/v8-m.main+fp/hard/libc_nano.a(lib_a-impure.o)
                0x0000000020000150                . = ALIGN (0x4)
                0x0000000020000150                _edata = .
                [!provide]                        PROVIDE (__end_data_RAM = .)
                [!provide]                        PROVIDE (__end_data_SRAM = .)

.igot.plt       0x0000000020000150        0x0 load address 0x000000000000579c
 .igot.plt      0x0000000020000150        0x0 ./startup/startup_lpc55s69_cm33_core0.o

.bss_RAM2       0x0000000020040000        0x0
                [!provide]                        PROVIDE (__start_bss_RAM2 = .)
                [!provide]                        PROVIDE (__start_bss_SRAM4 = .)
 *(SORT_BY_ALIGNMENT(.bss.$RAM2))
 *(SORT_BY_ALIGNMENT(.bss.$SRAM4))
 *(SORT_BY_ALIGNMENT(.bss.$RAM2.*))
 *(SORT_BY_ALIGNMENT(.bss.$SRAM4.*))
                0x0000000020040000                . = ALIGN ((. != 0x0)?0x4:0x1)
                [!provide]                        PROVIDE (__end_bss_RAM2 = .)
                [!provide]                        PROVIDE (__end_bss_SRAM4 = .)

.bss_RAM3       0x0000000004000000        0x0
                [!provide]                        PROVIDE (__start_bss_RAM3 = .)
                [!provide]                        PROVIDE (__start_bss_SRAMX = .)
 *(SORT_BY_ALIGNMENT(.bss.$RAM3))
 *(SORT_BY_ALIGNMENT(.bss.$SRAMX))
 *(SORT_BY_ALIGNMENT(.bss.$RAM3.*))
 *(SORT_BY_ALIGNMENT(.bss.$SRAMX.*))
                0x0000000004000000                . = ALIGN ((. != 0x0)?0x4:0x1)
                [!provide]                        PROVIDE (__end_bss_RAM3 = .)
                [!provide]                        PROVIDE (__end_bss_SRAMX = .)

.bss_RAM4       0x0000000040100000        0x0
                [!provide]                        PROVIDE (__start_bss_RAM4 = .)
                [!provide]                        PROVIDE (__start_bss_USB_RAM = .)
 *(SORT_BY_ALIGNMENT(.bss.$RAM4))
 *(SORT_BY_ALIGNMENT(.bss.$USB_RAM))
 *(SORT_BY_ALIGNMENT(.bss.$RAM4.*))
 *(SORT_BY_ALIGNMENT(.bss.$USB_RAM.*))
                0x0000000040100000                . = ALIGN ((. != 0x0)?0x4:0x1)
                [!provide]                        PROVIDE (__end_bss_RAM4 = .)
                [!provide]                        PROVIDE (__end_bss_USB_RAM = .)

.bss            0x0000000020000150      0x1b4
                0x0000000020000150                _bss = .
                [!provide]                        PROVIDE (__start_bss_RAM = .)
                [!provide]                        PROVIDE (__start_bss_SRAM = .)
 *(SORT_BY_ALIGNMENT(.bss*))
 .bss.tsk_running
                0x0000000020000150        0x4 ./kernel/kernel.o
                0x0000000020000150                tsk_running
 .bss.tsk_prev  0x0000000020000154        0x4 ./kernel/kernel.o
                0x0000000020000154                tsk_prev
 .bss.tsk_sleeping
                0x0000000020000158        0x4 ./kernel/kernel.o
                0x0000000020000158                tsk_sleeping
 .bss.sys_tick_cnt
                0x000000002000015c        0x4 ./kernel/kernel.o
                0x000000002000015c                sys_tick_cnt
 .bss.s_Pll0_Freq
                0x0000000020000160        0x4 ./drivers/fsl_clock.o
 .bss.s_Pll1_Freq
                0x0000000020000164        0x4 ./drivers/fsl_clock.o
 .bss.s_I2S_Mclk_Freq
                0x0000000020000168        0x4 ./drivers/fsl_clock.o
 .bss.s_flexcommIrqHandler
                0x000000002000016c       0x24 ./drivers/fsl_flexcomm.o
 .bss.s_flexcommHandle
                0x0000000020000190       0x24 ./drivers/fsl_flexcomm.o
 .bss.s_secpintCallback
                0x00000000200001b4        0x8 ./drivers/fsl_pint.o
 .bss.s_pintCallback
                0x00000000200001bc       0x20 ./drivers/fsl_pint.o
 .bss.serialBuf
                0x00000000200001dc       0x88 ./device/target.o
                0x00000000200001dc                serialBuf
 .bss.opened_fds
                0x0000000020000264       0x50 ./device/vfs.o
                0x0000000020000264                opened_fds
 .bss.vfs_mutex
                0x00000000200002b4        0x4 ./device/vfs.o
                0x00000000200002b4                vfs_mutex
 .bss.__malloc_free_list
                0x00000000200002b8        0x4 /opt/mcuxpresso-ide/ide/plugins/com.nxp.mcuxpresso.tools.linux_11.5.0.202107051138/tools/bin/../lib/gcc/arm-none-eabi/10.3.1/../../../../arm-none-eabi/lib/thumb/v8-m.main+fp/hard/libc_nano.a(lib_a-nano-mallocr.o)
                0x00000000200002b8                __malloc_free_list
 .bss.__malloc_sbrk_start
                0x00000000200002bc        0x4 /opt/mcuxpresso-ide/ide/plugins/com.nxp.mcuxpresso.tools.linux_11.5.0.202107051138/tools/bin/../lib/gcc/arm-none-eabi/10.3.1/../../../../arm-none-eabi/lib/thumb/v8-m.main+fp/hard/libc_nano.a(lib_a-nano-mallocr.o)
                0x00000000200002bc                __malloc_sbrk_start
 .bss.errno     0x00000000200002c0        0x4 /opt/mcuxpresso-ide/ide/plugins/com.nxp.mcuxpresso.tools.linux_11.5.0.202107051138/tools/bin/../lib/gcc/arm-none-eabi/10.3.1/../../../../arm-none-eabi/lib/thumb/v8-m.main+fp/hard/libc_nano.a(lib_a-reent.o)
                0x00000000200002c0                errno
 .bss.__end_of_heap
                0x00000000200002c4        0x4 /opt/mcuxpresso-ide/ide/plugins/com.nxp.mcuxpresso.tools.linux_11.5.0.202107051138/tools/bin/../lib/gcc/arm-none-eabi/10.3.1/../../../../arm-none-eabi/lib/thumb/v8-m.main+fp/hard/libcr_newlib_semihost.a(_cr_sbrk.o)
                0x00000000200002c4                __end_of_heap
 .bss.initialized.0
                0x00000000200002c8        0x4 /opt/mcuxpresso-ide/ide/plugins/com.nxp.mcuxpresso.tools.linux_11.5.0.202107051138/tools/bin/../lib/gcc/arm-none-eabi/10.3.1/../../../../arm-none-eabi/lib/thumb/v8-m.main+fp/hard/libcr_newlib_semihost.a(syscalls.o)
 .bss.monitor_stderr
                0x00000000200002cc        0x4 /opt/mcuxpresso-ide/ide/plugins/com.nxp.mcuxpresso.tools.linux_11.5.0.202107051138/tools/bin/../lib/gcc/arm-none-eabi/10.3.1/../../../../arm-none-eabi/lib/thumb/v8-m.main+fp/hard/libcr_newlib_semihost.a(syscalls.o)
 .bss.monitor_stdin
                0x00000000200002d0        0x4 /opt/mcuxpresso-ide/ide/plugins/com.nxp.mcuxpresso.tools.linux_11.5.0.202107051138/tools/bin/../lib/gcc/arm-none-eabi/10.3.1/../../../../arm-none-eabi/lib/thumb/v8-m.main+fp/hard/libcr_newlib_semihost.a(syscalls.o)
 .bss.monitor_stdout
                0x00000000200002d4        0x4 /opt/mcuxpresso-ide/ide/plugins/com.nxp.mcuxpresso.tools.linux_11.5.0.202107051138/tools/bin/../lib/gcc/arm-none-eabi/10.3.1/../../../../arm-none-eabi/lib/thumb/v8-m.main+fp/hard/libcr_newlib_semihost.a(syscalls.o)
 .bss.openfiles
                0x00000000200002d8       0x28 /opt/mcuxpresso-ide/ide/plugins/com.nxp.mcuxpresso.tools.linux_11.5.0.202107051138/tools/bin/../lib/gcc/arm-none-eabi/10.3.1/../../../../arm-none-eabi/lib/thumb/v8-m.main+fp/hard/libcr_newlib_semihost.a(syscalls.o)
 .bss.__lock___malloc_recursive_mutex
                0x0000000020000300        0x1 /opt/mcuxpresso-ide/ide/plugins/com.nxp.mcuxpresso.tools.linux_11.5.0.202107051138/tools/bin/../lib/gcc/arm-none-eabi/10.3.1/../../../../arm-none-eabi/lib/thumb/v8-m.main+fp/hard/libc_nano.a(lib_a-lock.o)
                0x0000000020000300                __lock___malloc_recursive_mutex
 .bss.__lock___sfp_recursive_mutex
                0x0000000020000301        0x1 /opt/mcuxpresso-ide/ide/plugins/com.nxp.mcuxpresso.tools.linux_11.5.0.202107051138/tools/bin/../lib/gcc/arm-none-eabi/10.3.1/../../../../arm-none-eabi/lib/thumb/v8-m.main+fp/hard/libc_nano.a(lib_a-lock.o)
                0x0000000020000301                __lock___sfp_recursive_mutex
 .bss.__lock___sinit_recursive_mutex
                0x0000000020000302        0x1 /opt/mcuxpresso-ide/ide/plugins/com.nxp.mcuxpresso.tools.linux_11.5.0.202107051138/tools/bin/../lib/gcc/arm-none-eabi/10.3.1/../../../../arm-none-eabi/lib/thumb/v8-m.main+fp/hard/libc_nano.a(lib_a-lock.o)
                0x0000000020000302                __lock___sinit_recursive_mutex
 *(SORT_BY_ALIGNMENT(COMMON))
                0x0000000020000304                . = ALIGN (0x4)
 *fill*         0x0000000020000303        0x1 
                0x0000000020000304                _ebss = .
                [!provide]                        PROVIDE (__end_bss_RAM = .)
                [!provide]                        PROVIDE (__end_bss_SRAM = .)
                [!provide]                        PROVIDE (end = .)

.noinit_RAM2    0x0000000020040000        0x0
                [!provide]                        PROVIDE (__start_noinit_RAM2 = .)
                [!provide]                        PROVIDE (__start_noinit_SRAM4 = .)
 *(SORT_BY_ALIGNMENT(.noinit.$RAM2))
 *(SORT_BY_ALIGNMENT(.noinit.$SRAM4))
 *(SORT_BY_ALIGNMENT(.noinit.$RAM2.*))
 *(SORT_BY_ALIGNMENT(.noinit.$SRAM4.*))
                0x0000000020040000                . = ALIGN (0x4)
                [!provide]                        PROVIDE (__end_noinit_RAM2 = .)
                [!provide]                        PROVIDE (__end_noinit_SRAM4 = .)

.noinit_RAM3    0x0000000004000000        0x0
                [!provide]                        PROVIDE (__start_noinit_RAM3 = .)
                [!provide]                        PROVIDE (__start_noinit_SRAMX = .)
 *(SORT_BY_ALIGNMENT(.noinit.$RAM3))
 *(SORT_BY_ALIGNMENT(.noinit.$SRAMX))
 *(SORT_BY_ALIGNMENT(.noinit.$RAM3.*))
 *(SORT_BY_ALIGNMENT(.noinit.$SRAMX.*))
                0x0000000004000000                . = ALIGN (0x4)
                [!provide]                        PROVIDE (__end_noinit_RAM3 = .)
                [!provide]                        PROVIDE (__end_noinit_SRAMX = .)

.noinit_RAM4    0x0000000040100000        0x0
                [!provide]                        PROVIDE (__start_noinit_RAM4 = .)
                [!provide]                        PROVIDE (__start_noinit_USB_RAM = .)
 *(SORT_BY_ALIGNMENT(.noinit.$RAM4))
 *(SORT_BY_ALIGNMENT(.noinit.$USB_RAM))
 *(SORT_BY_ALIGNMENT(.noinit.$RAM4.*))
 *(SORT_BY_ALIGNMENT(.noinit.$USB_RAM.*))
                0x0000000040100000                . = ALIGN (0x4)
                [!provide]                        PROVIDE (__end_noinit_RAM4 = .)
                [!provide]                        PROVIDE (__end_noinit_USB_RAM = .)

.noinit         0x0000000020000304        0x0