/home/slash/Documents/SCO/EXPRESSO/LPC55S69_OSreal.src/CMSIS/core_cm33.h:2127:22:__NVIC_EnableIRQ	16	static
/home/slash/Documents/SCO/EXPRESSO/LPC55S69_OSreal.src/CMSIS/core_cm33.h:2324:22:__NVIC_SetPriority	16	static
/home/slash/Documents/SCO/EXPRESSO/LPC55S69_OSreal.src/drivers/fsl_common.h:747:28:EnableIRQ	24	static
/home/slash/Documents/SCO/EXPRESSO/LPC55S69_OSreal.src/drivers/fsl_gpio.h:153:20:GPIO_PinWrite	24	static
/home/slash/Documents/SCO/EXPRESSO/LPC55S69_OSreal.src/drivers/fsl_usart.h:427:20:USART_EnableInterrupts	16	static
/home/slash/Documents/SCO/EXPRESSO/LPC55S69_OSreal.src/drivers/fsl_usart.h:445:20:USART_DisableInterrupts	16	static
/home/slash/Documents/SCO/EXPRESSO/LPC55S69_OSreal.src/drivers/fsl_usart.h:457:24:USART_GetEnabledInterrupts	16	static
/home/slash/Documents/SCO/EXPRESSO/LPC55S69_OSreal.src/drivers/fsl_usart.h:581:23:USART_ReadByte	16	static
../device/target.c:37:12:dev_init_test	16	static
../device/target.c:44:12:dev_open_test	16	static
../device/target.c:56:12:dev_close_test	16	static
../device/target.c:64:12:dev_read_test	40	static
../device/target.c:82:13:leds	16	static
../device/target.c:111:12:dev_init_leds	24	static
../device/target.c:128:12:dev_open_leds	16	static
../device/target.c:143:12:dev_close_leds	16	static
../device/target.c:151:12:dev_write_leds	24	static
../device/target.c:188:13:on_swuser_cb	16	static
../device/target.c:194:12:dev_init_btn	16	static
../device/target.c:217:12:dev_open_btn	16	static
../device/target.c:232:12:dev_close_btn	16	static
../device/target.c:240:12:dev_read_btn	24	static
../device/target.c:284:6:FLEXCOMM0_IRQHandler	16	static
../device/target.c:297:12:dev_init_serial	40	static
../device/target.c:315:12:dev_open_serial	16	static
../device/target.c:330:12:dev_close_serial	16	static
../device/target.c:338:12:dev_write_serial	24	static
../device/target.c:350:12:dev_read_serial	32	static
../device/target.c:381:6:dev_init	24	static
